******************************************************************************
                  MSP430 Linker PC v16.9.3                     
******************************************************************************
>> Linked Mon Mar 12 18:28:23 2018

OUTPUT FILE NAME:   <himax-driver.out>
ENTRY POINT SYMBOL: "_c_int00_noargs_noexit"  address: 00004100


MEMORY CONFIGURATION

         name            origin    length      used     unused   attr    fill
----------------------  --------  ---------  --------  --------  ----  --------
  TINYRAM               0000000a   00000016  00000000  00000016  RWIX
  BSL                   00001000   00000800  00000000  00000800  RWIX
  INFOD                 00001800   00000080  00000000  00000080  RWIX
  INFOC                 00001880   00000080  00000000  00000080  RWIX
  INFOB                 00001900   00000080  00000000  00000080  RWIX
  INFOA                 00001980   00000080  00000000  00000080  RWIX
  RAM                   00001c00   00001000  000000b4  00000f4c  RWIX
  LEARAM                00002c00   00000ec8  00000000  00000ec8  RWIX
  LEASTACK              00003ac8   00000138  00000000  00000138  RWIX
  FRAM                  00004000   0000bf80  000001ac  0000bdd4  RWIX
  JTAGSIGNATURE         0000ff80   00000004  00000004  00000000  RWIX  ffff 
  BSLSIGNATURE          0000ff84   00000004  00000004  00000000  RWIX  ffff 
  IPESIGNATURE          0000ff88   00000008  00000008  00000000  RWIX  ffff 
  INT00                 0000ff90   00000002  00000000  00000002  RWIX
  INT01                 0000ff92   00000002  00000000  00000002  RWIX
  INT02                 0000ff94   00000002  00000000  00000002  RWIX
  INT03                 0000ff96   00000002  00000000  00000002  RWIX
  INT04                 0000ff98   00000002  00000000  00000002  RWIX
  INT05                 0000ff9a   00000002  00000000  00000002  RWIX
  INT06                 0000ff9c   00000002  00000000  00000002  RWIX
  INT07                 0000ff9e   00000002  00000000  00000002  RWIX
  INT08                 0000ffa0   00000002  00000000  00000002  RWIX
  INT09                 0000ffa2   00000002  00000000  00000002  RWIX
  INT10                 0000ffa4   00000002  00000000  00000002  RWIX
  INT11                 0000ffa6   00000002  00000000  00000002  RWIX
  INT12                 0000ffa8   00000002  00000000  00000002  RWIX
  INT13                 0000ffaa   00000002  00000000  00000002  RWIX
  INT14                 0000ffac   00000002  00000000  00000002  RWIX
  INT15                 0000ffae   00000002  00000000  00000002  RWIX
  INT16                 0000ffb0   00000002  00000000  00000002  RWIX
  INT17                 0000ffb2   00000002  00000000  00000002  RWIX
  INT18                 0000ffb4   00000002  00000002  00000000  RWIX
  INT19                 0000ffb6   00000002  00000002  00000000  RWIX
  INT20                 0000ffb8   00000002  00000002  00000000  RWIX
  INT21                 0000ffba   00000002  00000002  00000000  RWIX
  INT22                 0000ffbc   00000002  00000002  00000000  RWIX
  INT23                 0000ffbe   00000002  00000002  00000000  RWIX
  INT24                 0000ffc0   00000002  00000002  00000000  RWIX
  INT25                 0000ffc2   00000002  00000002  00000000  RWIX
  INT26                 0000ffc4   00000002  00000002  00000000  RWIX
  INT27                 0000ffc6   00000002  00000002  00000000  RWIX
  INT28                 0000ffc8   00000002  00000002  00000000  RWIX
  INT29                 0000ffca   00000002  00000002  00000000  RWIX
  INT30                 0000ffcc   00000002  00000002  00000000  RWIX
  INT31                 0000ffce   00000002  00000002  00000000  RWIX
  INT32                 0000ffd0   00000002  00000002  00000000  RWIX
  INT33                 0000ffd2   00000002  00000002  00000000  RWIX
  INT34                 0000ffd4   00000002  00000002  00000000  RWIX
  INT35                 0000ffd6   00000002  00000002  00000000  RWIX
  INT36                 0000ffd8   00000002  00000002  00000000  RWIX
  INT37                 0000ffda   00000002  00000002  00000000  RWIX
  INT38                 0000ffdc   00000002  00000002  00000000  RWIX
  INT39                 0000ffde   00000002  00000002  00000000  RWIX
  INT40                 0000ffe0   00000002  00000002  00000000  RWIX
  INT41                 0000ffe2   00000002  00000002  00000000  RWIX
  INT42                 0000ffe4   00000002  00000002  00000000  RWIX
  INT43                 0000ffe6   00000002  00000002  00000000  RWIX
  INT44                 0000ffe8   00000002  00000002  00000000  RWIX
  INT45                 0000ffea   00000002  00000002  00000000  RWIX
  INT46                 0000ffec   00000002  00000002  00000000  RWIX
  INT47                 0000ffee   00000002  00000002  00000000  RWIX
  INT48                 0000fff0   00000002  00000002  00000000  RWIX
  INT49                 0000fff2   00000002  00000002  00000000  RWIX
  INT50                 0000fff4   00000002  00000002  00000000  RWIX
  INT51                 0000fff6   00000002  00000002  00000000  RWIX
  INT52                 0000fff8   00000002  00000002  00000000  RWIX
  INT53                 0000fffa   00000002  00000002  00000000  RWIX
  INT54                 0000fffc   00000002  00000002  00000000  RWIX
  RESET                 0000fffe   00000002  00000002  00000000  RWIX
  FRAM2                 00010000   00034000  00027bda  0000c426  RWIX


SECTION ALLOCATION MAP

 output                                  attributes/
section   page    origin      length       input sections
--------  ----  ----------  ----------   ----------------
.data      0    00001c00    0000000e     UNINITIALIZED
                  00001c00    00000008     cs.obj (.data)
                  00001c08    00000006     main.obj (.data)

.bss       0    00001c0e    00000006     UNINITIALIZED
                  00001c0e    00000004     (.common:dma_target_addr)
                  00001c12    00000002     (.common:dma_major_count)

.stack     0    00002b60    000000a0     UNINITIALIZED
                  00002b60    00000004     rts430x_lc_ld_eabi.lib : boot.obj (.stack)
                  00002b64    0000009c     --HOLE--

.cio       0    00004000    00000000     UNINITIALIZED

.sysmem    0    00004000    00000000     UNINITIALIZED

.ipestruct 
*          0    00004000    00000000     UNINITIALIZED

.ipe       0    00004000    00000000     UNINITIALIZED

.ipe_const 
*          0    00004000    00000000     UNINITIALIZED

.ipe:_isr 
*          0    00004000    00000000     UNINITIALIZED

.binit     0    00004000    00000000     

.text:_isr 
*          0    00004000    00000122     
                  00004000    00000066     main.obj (.text:_isr:DMA_ISR)
                  00004066    00000060     main.obj (.text:_isr:PORT8_ISR)
                  000040c6    0000003a     main.obj (.text:_isr:PORT4_ISR)
                  00004100    0000001a     rts430x_lc_ld_eabi.lib : boot_special.obj (.text:_isr:_c_int00_noargs_noexit)
                  0000411a    00000008                            : isr_trap.obj (.text:_isr:__TI_ISR_TRAP)

.cinit     0    00004180    0000002c     
                  00004180    0000000c     (__TI_handler_table)
                  0000418c    00000009     (.cinit..data.load) [load image, compression = lzss]
                  00004195    00000001     --HOLE-- [fill = 0]
                  00004196    00000006     (.cinit..bss.load) [load image, compression = zero_init]
                  0000419c    00000010     (__TI_cinit_table)

.TI.persistent 
*          0    00010000    00026d70     
                  00010000    00026d70     main.obj (.TI.persistent:img_buffer)

.init_array 
*          0    00004000    00000000     UNINITIALIZED

.const     0    00004122    0000005e     
                  00004122    0000001c     gpio.obj (.const:GPIO_PORT_TO_BASE)
                  0000413e    00000012     main.obj (.const:$P$T0$1)
                  00004150    00000010     main.obj (.const:$P$T2$3)
                  00004160    0000000c     main.obj (.const:$P$T1$2)
                  0000416c    0000000a     main.obj (.const:$P$T3$4)
                  00004176    0000000a     main.obj (.const:$P$T4$5)

$fill000   0    0000ff80    00000004     
                  0000ff80    00000004     --HOLE-- [fill = ffff]

$fill001   0    0000ff84    00000004     
                  0000ff84    00000004     --HOLE-- [fill = ffff]

$fill002   0    0000ff88    00000008     
                  0000ff88    00000008     --HOLE-- [fill = ffff]

LEA        0    0000ffb4    00000002     
                  0000ffb4    00000002     rts430x_lc_ld_eabi.lib : int18.obj (.int18)

PORT8      0    0000ffb6    00000002     
                  0000ffb6    00000002     main.obj (.int19)

PORT7      0    0000ffb8    00000002     
                  0000ffb8    00000002     rts430x_lc_ld_eabi.lib : int20.obj (.int20)

EUSCI_B3   0    0000ffba    00000002     
                  0000ffba    00000002     rts430x_lc_ld_eabi.lib : int21.obj (.int21)

EUSCI_B2   0    0000ffbc    00000002     
                  0000ffbc    00000002     rts430x_lc_ld_eabi.lib : int22.obj (.int22)

EUSCI_B1   0    0000ffbe    00000002     
                  0000ffbe    00000002     rts430x_lc_ld_eabi.lib : int23.obj (.int23)

EUSCI_A3   0    0000ffc0    00000002     
                  0000ffc0    00000002     rts430x_lc_ld_eabi.lib : int24.obj (.int24)

EUSCI_A2   0    0000ffc2    00000002     
                  0000ffc2    00000002     rts430x_lc_ld_eabi.lib : int25.obj (.int25)

PORT6      0    0000ffc4    00000002     
                  0000ffc4    00000002     rts430x_lc_ld_eabi.lib : int26.obj (.int26)

PORT5      0    0000ffc6    00000002     
                  0000ffc6    00000002     rts430x_lc_ld_eabi.lib : int27.obj (.int27)

TIMER4_A1 
*          0    0000ffc8    00000002     
                  0000ffc8    00000002     rts430x_lc_ld_eabi.lib : int28.obj (.int28)

TIMER4_A0 
*          0    0000ffca    00000002     
                  0000ffca    00000002     rts430x_lc_ld_eabi.lib : int29.obj (.int29)

AES256     0    0000ffcc    00000002     
                  0000ffcc    00000002     rts430x_lc_ld_eabi.lib : int30.obj (.int30)

RTC_C      0    0000ffce    00000002     
                  0000ffce    00000002     rts430x_lc_ld_eabi.lib : int31.obj (.int31)

PORT4      0    0000ffd0    00000002     
                  0000ffd0    00000002     main.obj (.int32)

PORT3      0    0000ffd2    00000002     
                  0000ffd2    00000002     rts430x_lc_ld_eabi.lib : int33.obj (.int33)

TIMER3_A1 
*          0    0000ffd4    00000002     
                  0000ffd4    00000002     rts430x_lc_ld_eabi.lib : int34.obj (.int34)

TIMER3_A0 
*          0    0000ffd6    00000002     
                  0000ffd6    00000002     rts430x_lc_ld_eabi.lib : int35.obj (.int35)

PORT2      0    0000ffd8    00000002     
                  0000ffd8    00000002     rts430x_lc_ld_eabi.lib : int36.obj (.int36)

TIMER2_A1 
*          0    0000ffda    00000002     
                  0000ffda    00000002     rts430x_lc_ld_eabi.lib : int37.obj (.int37)

TIMER2_A0 
*          0    0000ffdc    00000002     
                  0000ffdc    00000002     rts430x_lc_ld_eabi.lib : int38.obj (.int38)

PORT1      0    0000ffde    00000002     
                  0000ffde    00000002     rts430x_lc_ld_eabi.lib : int39.obj (.int39)

TIMER1_A1 
*          0    0000ffe0    00000002     
                  0000ffe0    00000002     rts430x_lc_ld_eabi.lib : int40.obj (.int40)

TIMER1_A0 
*          0    0000ffe2    00000002     
                  0000ffe2    00000002     rts430x_lc_ld_eabi.lib : int41.obj (.int41)

DMA        0    0000ffe4    00000002     
                  0000ffe4    00000002     main.obj (.int42)

EUSCI_A1   0    0000ffe6    00000002     
                  0000ffe6    00000002     rts430x_lc_ld_eabi.lib : int43.obj (.int43)

TIMER0_A1 
*          0    0000ffe8    00000002     
                  0000ffe8    00000002     rts430x_lc_ld_eabi.lib : int44.obj (.int44)

TIMER0_A0 
*          0    0000ffea    00000002     
                  0000ffea    00000002     rts430x_lc_ld_eabi.lib : int45.obj (.int45)

ADC12_B    0    0000ffec    00000002     
                  0000ffec    00000002     rts430x_lc_ld_eabi.lib : int46.obj (.int46)

EUSCI_B0   0    0000ffee    00000002     
                  0000ffee    00000002     rts430x_lc_ld_eabi.lib : int47.obj (.int47)

EUSCI_A0   0    0000fff0    00000002     
                  0000fff0    00000002     rts430x_lc_ld_eabi.lib : int48.obj (.int48)

WDT        0    0000fff2    00000002     
                  0000fff2    00000002     rts430x_lc_ld_eabi.lib : int49.obj (.int49)

TIMER0_B1 
*          0    0000fff4    00000002     
                  0000fff4    00000002     rts430x_lc_ld_eabi.lib : int50.obj (.int50)

TIMER0_B0 
*          0    0000fff6    00000002     
                  0000fff6    00000002     rts430x_lc_ld_eabi.lib : int51.obj (.int51)

COMP_E     0    0000fff8    00000002     
                  0000fff8    00000002     rts430x_lc_ld_eabi.lib : int52.obj (.int52)

UNMI       0    0000fffa    00000002     
                  0000fffa    00000002     rts430x_lc_ld_eabi.lib : int53.obj (.int53)

SYSNMI     0    0000fffc    00000002     
                  0000fffc    00000002     rts430x_lc_ld_eabi.lib : int54.obj (.int54)

.reset     0    0000fffe    00000002     
                  0000fffe    00000002     rts430x_lc_ld_eabi.lib : boot.obj (.reset)

.text      0    00036d70    00000e6a     
                  00036d70    000001dc     main.obj (.text:main)
                  00036f4c    000000de     cs.obj (.text:privateCSAComputeCLKFrequency)
                  0003702a    000000ce     cs.obj (.text:privateCSASourceClockFromDCO)
                  000370f8    000000a8     rts430x_lc_ld_eabi.lib : autoinit_wdt.obj (.text:_auto_init_hold_wdt)
                  000371a0    000000a4     main.obj (.text:config_camera_lores)
                  00037244    0000009e     eusci_a_uart.obj (.text:EUSCI_A_UART_init)
                  000372e2    0000009e     main.obj (.text:config_camera_hires)
                  00037380    00000076     rts430x_lc_ld_eabi.lib : copy_decompress_lzss.obj (.text:decompress:lzss:__TI_decompress_lzss)
                  000373f6    00000076     main.obj (.text:init_uart)
                  0003746c    00000072     rts430x_lc_ld_eabi.lib : cpy_tbl.obj (.text:copy_in)
                  000374de    0000006c     gpio.obj (.text:GPIO_setAsPeripheralModuleFunctionInputPin)
                  0003754a    00000062     dma.obj (.text:DMA_init)
                  000375ac    0000005c     eusci_b_i2c.obj (.text:EUSCI_B_I2C_initMaster)
                  00037608    0000005c     main.obj (.text:dac_init)
                  00037664    00000058     rts430x_lc_ld_eabi.lib : div32u.obj (.text)
                  000376bc    00000056     eusci_b_spi.obj (.text:EUSCI_B_SPI_initMaster)
                  00037712    00000056     main.obj (.text:write_camera)
                  00037768    00000054     main.obj (.text:i2c_init)
                  000377bc    00000052     main.obj (.text:dac_write)
                  0003780e    00000042     eusci_a_uart.obj (.text:EUSCI_A_UART_transmitBreak)
                  00037850    00000040     rts430x_lc_ld_eabi.lib : div32s.obj (.text)
                  00037890    0000003e                            : asr32.obj (.text:l_asr_const)
                  000378ce    00000036     eusci_b_i2c.obj (.text:EUSCI_B_I2C_masterSendMultiByteStart)
                  00037904    00000032     eusci_b_i2c.obj (.text:EUSCI_B_I2C_masterSendMultiByteFinish)
                  00037936    0000002c     rts430x_lc_ld_eabi.lib : div16s.obj (.text)
                  00037962    0000002a                            : memcpy.obj (.text:memcpy)
                  0003798c    00000028     dma.obj (.text:DMA_setDstAddress)
                  000379b4    00000026     dma.obj (.text:DMA_setSrcAddress)
                  000379da    00000026     main.obj (.text:config_dma_hires)
                  00037a00    00000026     main.obj (.text:config_dma_lores)
                  00037a26    00000024     rts430x_lc_ld_eabi.lib : copy_zero_init.obj (.text:decompress:ZI:__TI_zero_init)
                  00037a4a    00000024                            : mult32_f5hw.obj (.text)
                  00037a6e    00000022     eusci_a_uart.obj (.text:EUSCI_A_UART_transmitData)
                  00037a90    00000022     eusci_b_i2c.obj (.text:EUSCI_B_I2C_masterSendMultiByteNext)
                  00037ab2    00000018     cs.obj (.text:CS_getSMCLK)
                  00037aca    00000016     wdt_a.obj (.text:WDT_A_hold)
                  00037ae0    00000016     rts430x_lc_ld_eabi.lib : copy_decompress_none.obj (.text:decompress:none:__TI_decompress_none)
                  00037af6    00000016                            : div16u.obj (.text)
                  00037b0c    00000010     dma.obj (.text:DMA_disableTransfers)
                  00037b1c    00000010     dma.obj (.text:DMA_enableTransfers)
                  00037b2c    00000010     eusci_b_i2c.obj (.text:EUSCI_B_I2C_setMode)
                  00037b3c    0000000e     dma.obj (.text:DMA_clearInterrupt)
                  00037b4a    0000000e     dma.obj (.text:DMA_disableInterrupt)
                  00037b58    0000000e     dma.obj (.text:DMA_enableInterrupt)
                  00037b66    0000000e     eusci_a_uart.obj (.text:EUSCI_A_UART_clearInterrupt)
                  00037b74    0000000c     eusci_b_i2c.obj (.text:EUSCI_B_I2C_isBusBusy)
                  00037b80    0000000c     eusci_b_i2c.obj (.text:EUSCI_B_I2C_setSlaveAddress)
                  00037b8c    0000000c     eusci_b_spi.obj (.text:EUSCI_B_SPI_transmitData)
                  00037b98    0000000a     eusci_b_spi.obj (.text:EUSCI_B_SPI_isBusy)
                  00037ba2    00000008     pmm.obj (.text:PMM_unlockLPM5)
                  00037baa    00000006     eusci_a_uart.obj (.text:EUSCI_A_UART_disable)
                  00037bb0    00000006     eusci_a_uart.obj (.text:EUSCI_A_UART_enable)
                  00037bb6    00000006     eusci_b_i2c.obj (.text:EUSCI_B_I2C_disable)
                  00037bbc    00000006     eusci_b_i2c.obj (.text:EUSCI_B_I2C_enable)
                  00037bc2    00000006     eusci_b_spi.obj (.text:EUSCI_B_SPI_disable)
                  00037bc8    00000006     eusci_b_spi.obj (.text:EUSCI_B_SPI_enable)
                  00037bce    00000006     rts430x_lc_ld_eabi.lib : exit.obj (.text:abort)
                  00037bd4    00000004                            : pre_init.obj (.text:_system_pre_init)
                  00037bd8    00000002                            : startup.obj (.text:_system_post_cinit)

MODULE SUMMARY

       Module                     code   ro data   rw data
       ------                     ----   -------   -------
    .\
       main.obj                   1592   72        159100 
    +--+--------------------------+------+---------+---------+
       Total:                     1592   72        159100 
                                                          
    .\driverlib\MSP430FR5xx_6xx\
       cs.obj                     452    0         8      
       eusci_a_uart.obj           284    0         0      
       eusci_b_i2c.obj            282    0         0      
       dma.obj                    250    0         0      
       gpio.obj                   108    28        0      
       eusci_b_spi.obj            120    0         0      
       wdt_a.obj                  22     0         0      
       pmm.obj                    8      0         0      
    +--+--------------------------+------+---------+---------+
       Total:                     1526   28        8      
                                                          
    C:\ti\ccsv7\tools\compiler\ti-cgt-msp430_16.9.3.LTS\lib\rts430x_lc_ld_eabi.lib
       autoinit_wdt.obj           168    0         0      
       copy_decompress_lzss.obj   118    0         0      
       cpy_tbl.obj                114    0         0      
       div32u.obj                 88     0         0      
       div32s.obj                 64     0         0      
       asr32.obj                  62     0         0      
       div16s.obj                 44     0         0      
       memcpy.obj                 42     0         0      
       copy_zero_init.obj         36     0         0      
       mult32_f5hw.obj            36     0         0      
       boot_special.obj           26     0         0      
       copy_decompress_none.obj   22     0         0      
       div16u.obj                 22     0         0      
       isr_trap.obj               8      0         0      
       exit.obj                   6      0         0      
       pre_init.obj               4      0         0      
       boot.obj                   0      2         0      
       int18.obj                  0      2         0      
       int20.obj                  0      2         0      
       int21.obj                  0      2         0      
       int22.obj                  0      2         0      
       int23.obj                  0      2         0      
       int24.obj                  0      2         0      
       int25.obj                  0      2         0      
       int26.obj                  0      2         0      
       int27.obj                  0      2         0      
       int28.obj                  0      2         0      
       int29.obj                  0      2         0      
       int30.obj                  0      2         0      
       int31.obj                  0      2         0      
       int33.obj                  0      2         0      
       int34.obj                  0      2         0      
       int35.obj                  0      2         0      
       int36.obj                  0      2         0      
       int37.obj                  0      2         0      
       int38.obj                  0      2         0      
       int39.obj                  0      2         0      
       int40.obj                  0      2         0      
       int41.obj                  0      2         0      
       int43.obj                  0      2         0      
       int44.obj                  0      2         0      
       int45.obj                  0      2         0      
       int46.obj                  0      2         0      
       int47.obj                  0      2         0      
       int48.obj                  0      2         0      
       int49.obj                  0      2         0      
       int50.obj                  0      2         0      
       int51.obj                  0      2         0      
       int52.obj                  0      2         0      
       int53.obj                  0      2         0      
       int54.obj                  0      2         0      
       startup.obj                2      0         0      
    +--+--------------------------+------+---------+---------+
       Total:                     862    70        0      
                                                          
       Stack:                     0      0         160    
       Linker Generated:          0      43        0      
    +--+--------------------------+------+---------+---------+
       Grand Total:               3980   213       159268 


LINKER GENERATED COPY TABLES

__TI_cinit_table @ 0000419c records: 2, size/record: 8, table size: 16
	.data: load addr=0000418c, load size=00000009 bytes, run addr=00001c00, run size=0000000e bytes, compression=lzss
	.bss: load addr=00004196, load size=00000006 bytes, run addr=00001c0e, run size=00000006 bytes, compression=zero_init


LINKER GENERATED HANDLER TABLE

__TI_handler_table @ 00004180 records: 3, size/record: 4, table size: 12
	index: 0, handler: __TI_zero_init
	index: 1, handler: __TI_decompress_lzss
	index: 2, handler: __TI_decompress_none


GLOBAL SYMBOLS: SORTED ALPHABETICALLY BY Name 

address   name                                      
-------   ----                                      
00000800  ADC12CTL0                                 
00000801  ADC12CTL0_H                               
00000800  ADC12CTL0_L                               
00000802  ADC12CTL1                                 
00000803  ADC12CTL1_H                               
00000802  ADC12CTL1_L                               
00000804  ADC12CTL2                                 
00000805  ADC12CTL2_H                               
00000804  ADC12CTL2_L                               
00000806  ADC12CTL3                                 
00000807  ADC12CTL3_H                               
00000806  ADC12CTL3_L                               
0000080a  ADC12HI                                   
0000080b  ADC12HI_H                                 
0000080a  ADC12HI_L                                 
00000812  ADC12IER0                                 
00000813  ADC12IER0_H                               
00000812  ADC12IER0_L                               
00000814  ADC12IER1                                 
00000815  ADC12IER1_H                               
00000814  ADC12IER1_L                               
00000816  ADC12IER2                                 
00000817  ADC12IER2_H                               
00000816  ADC12IER2_L                               
0000080c  ADC12IFGR0                                
0000080d  ADC12IFGR0_H                              
0000080c  ADC12IFGR0_L                              
0000080e  ADC12IFGR1                                
0000080f  ADC12IFGR1_H                              
0000080e  ADC12IFGR1_L                              
00000810  ADC12IFGR2                                
00000811  ADC12IFGR2_H                              
00000810  ADC12IFGR2_L                              
00000818  ADC12IV                                   
00000819  ADC12IV_H                                 
00000818  ADC12IV_L                                 
00000808  ADC12LO                                   
00000809  ADC12LO_H                                 
00000808  ADC12LO_L                                 
00000820  ADC12MCTL0                                
00000821  ADC12MCTL0_H                              
00000820  ADC12MCTL0_L                              
00000822  ADC12MCTL1                                
00000834  ADC12MCTL10                               
00000835  ADC12MCTL10_H                             
00000834  ADC12MCTL10_L                             
00000836  ADC12MCTL11                               
00000837  ADC12MCTL11_H                             
00000836  ADC12MCTL11_L                             
00000838  ADC12MCTL12                               
00000839  ADC12MCTL12_H                             
00000838  ADC12MCTL12_L                             
0000083a  ADC12MCTL13                               
0000083b  ADC12MCTL13_H                             
0000083a  ADC12MCTL13_L                             
0000083c  ADC12MCTL14                               
0000083d  ADC12MCTL14_H                             
0000083c  ADC12MCTL14_L                             
0000083e  ADC12MCTL15                               
0000083f  ADC12MCTL15_H                             
0000083e  ADC12MCTL15_L                             
00000840  ADC12MCTL16                               
00000841  ADC12MCTL16_H                             
00000840  ADC12MCTL16_L                             
00000842  ADC12MCTL17                               
00000843  ADC12MCTL17_H                             
00000842  ADC12MCTL17_L                             
00000844  ADC12MCTL18                               
00000845  ADC12MCTL18_H                             
00000844  ADC12MCTL18_L                             
00000846  ADC12MCTL19                               
00000847  ADC12MCTL19_H                             
00000846  ADC12MCTL19_L                             
00000823  ADC12MCTL1_H                              
00000822  ADC12MCTL1_L                              
00000824  ADC12MCTL2                                
00000848  ADC12MCTL20                               
00000849  ADC12MCTL20_H                             
00000848  ADC12MCTL20_L                             
0000084a  ADC12MCTL21                               
0000084b  ADC12MCTL21_H                             
0000084a  ADC12MCTL21_L                             
0000084c  ADC12MCTL22                               
0000084d  ADC12MCTL22_H                             
0000084c  ADC12MCTL22_L                             
0000084e  ADC12MCTL23                               
0000084f  ADC12MCTL23_H                             
0000084e  ADC12MCTL23_L                             
00000850  ADC12MCTL24                               
00000851  ADC12MCTL24_H                             
00000850  ADC12MCTL24_L                             
00000852  ADC12MCTL25                               
00000853  ADC12MCTL25_H                             
00000852  ADC12MCTL25_L                             
00000854  ADC12MCTL26                               
00000855  ADC12MCTL26_H                             
00000854  ADC12MCTL26_L                             
00000856  ADC12MCTL27                               
00000857  ADC12MCTL27_H                             
00000856  ADC12MCTL27_L                             
00000858  ADC12MCTL28                               
00000859  ADC12MCTL28_H                             
00000858  ADC12MCTL28_L                             
0000085a  ADC12MCTL29                               
0000085b  ADC12MCTL29_H                             
0000085a  ADC12MCTL29_L                             
00000825  ADC12MCTL2_H                              
00000824  ADC12MCTL2_L                              
00000826  ADC12MCTL3                                
0000085c  ADC12MCTL30                               
0000085d  ADC12MCTL30_H                             
0000085c  ADC12MCTL30_L                             
0000085e  ADC12MCTL31                               
0000085f  ADC12MCTL31_H                             
0000085e  ADC12MCTL31_L                             
00000827  ADC12MCTL3_H                              
00000826  ADC12MCTL3_L                              
00000828  ADC12MCTL4                                
00000829  ADC12MCTL4_H                              
00000828  ADC12MCTL4_L                              
0000082a  ADC12MCTL5                                
0000082b  ADC12MCTL5_H                              
0000082a  ADC12MCTL5_L                              
0000082c  ADC12MCTL6                                
0000082d  ADC12MCTL6_H                              
0000082c  ADC12MCTL6_L                              
0000082e  ADC12MCTL7                                
0000082f  ADC12MCTL7_H                              
0000082e  ADC12MCTL7_L                              
00000830  ADC12MCTL8                                
00000831  ADC12MCTL8_H                              
00000830  ADC12MCTL8_L                              
00000832  ADC12MCTL9                                
00000833  ADC12MCTL9_H                              
00000832  ADC12MCTL9_L                              
00000860  ADC12MEM0                                 
00000861  ADC12MEM0_H                               
00000860  ADC12MEM0_L                               
00000862  ADC12MEM1                                 
00000874  ADC12MEM10                                
00000875  ADC12MEM10_H                              
00000874  ADC12MEM10_L                              
00000876  ADC12MEM11                                
00000877  ADC12MEM11_H                              
00000876  ADC12MEM11_L                              
00000878  ADC12MEM12                                
00000879  ADC12MEM12_H                              
00000878  ADC12MEM12_L                              
0000087a  ADC12MEM13                                
0000087b  ADC12MEM13_H                              
0000087a  ADC12MEM13_L                              
0000087c  ADC12MEM14                                
0000087d  ADC12MEM14_H                              
0000087c  ADC12MEM14_L                              
0000087e  ADC12MEM15                                
0000087f  ADC12MEM15_H                              
0000087e  ADC12MEM15_L                              
00000880  ADC12MEM16                                
00000881  ADC12MEM16_H                              
00000880  ADC12MEM16_L                              
00000882  ADC12MEM17                                
00000883  ADC12MEM17_H                              
00000882  ADC12MEM17_L                              
00000884  ADC12MEM18                                
00000885  ADC12MEM18_H                              
00000884  ADC12MEM18_L                              
00000886  ADC12MEM19                                
00000887  ADC12MEM19_H                              
00000886  ADC12MEM19_L                              
00000863  ADC12MEM1_H                               
00000862  ADC12MEM1_L                               
00000864  ADC12MEM2                                 
00000888  ADC12MEM20                                
00000889  ADC12MEM20_H                              
00000888  ADC12MEM20_L                              
0000088a  ADC12MEM21                                
0000088b  ADC12MEM21_H                              
0000088a  ADC12MEM21_L                              
0000088c  ADC12MEM22                                
0000088d  ADC12MEM22_H                              
0000088c  ADC12MEM22_L                              
0000088e  ADC12MEM23                                
0000088f  ADC12MEM23_H                              
0000088e  ADC12MEM23_L                              
00000890  ADC12MEM24                                
00000891  ADC12MEM24_H                              
00000890  ADC12MEM24_L                              
00000892  ADC12MEM25                                
00000893  ADC12MEM25_H                              
00000892  ADC12MEM25_L                              
00000894  ADC12MEM26                                
00000895  ADC12MEM26_H                              
00000894  ADC12MEM26_L                              
00000896  ADC12MEM27                                
00000897  ADC12MEM27_H                              
00000896  ADC12MEM27_L                              
00000898  ADC12MEM28                                
00000899  ADC12MEM28_H                              
00000898  ADC12MEM28_L                              
0000089a  ADC12MEM29                                
0000089b  ADC12MEM29_H                              
0000089a  ADC12MEM29_L                              
00000865  ADC12MEM2_H                               
00000864  ADC12MEM2_L                               
00000866  ADC12MEM3                                 
0000089c  ADC12MEM30                                
0000089d  ADC12MEM30_H                              
0000089c  ADC12MEM30_L                              
0000089e  ADC12MEM31                                
0000089f  ADC12MEM31_H                              
0000089e  ADC12MEM31_L                              
00000867  ADC12MEM3_H                               
00000866  ADC12MEM3_L                               
00000868  ADC12MEM4                                 
00000869  ADC12MEM4_H                               
00000868  ADC12MEM4_L                               
0000086a  ADC12MEM5                                 
0000086b  ADC12MEM5_H                               
0000086a  ADC12MEM5_L                               
0000086c  ADC12MEM6                                 
0000086d  ADC12MEM6_H                               
0000086c  ADC12MEM6_L                               
0000086e  ADC12MEM7                                 
0000086f  ADC12MEM7_H                               
0000086e  ADC12MEM7_L                               
00000870  ADC12MEM8                                 
00000871  ADC12MEM8_H                               
00000870  ADC12MEM8_L                               
00000872  ADC12MEM9                                 
00000873  ADC12MEM9_H                               
00000872  ADC12MEM9_L                               
000009c0  AESACTL0                                  
000009c1  AESACTL0_H                                
000009c0  AESACTL0_L                                
000009c2  AESACTL1                                  
000009c3  AESACTL1_H                                
000009c2  AESACTL1_L                                
000009c8  AESADIN                                   
000009c9  AESADIN_H                                 
000009c8  AESADIN_L                                 
000009ca  AESADOUT                                  
000009cb  AESADOUT_H                                
000009ca  AESADOUT_L                                
000009c6  AESAKEY                                   
000009c7  AESAKEY_H                                 
000009c6  AESAKEY_L                                 
000009c4  AESASTAT                                  
000009c5  AESASTAT_H                                
000009c4  AESASTAT_L                                
000009cc  AESAXDIN                                  
000009cd  AESAXDIN_H                                
000009cc  AESAXDIN_L                                
000009ce  AESAXIN                                   
000009cf  AESAXIN_H                                 
000009ce  AESAXIN_L                                 
000004be  BCD2BIN                                   
000004bf  BCD2BIN_H                                 
000004be  BCD2BIN_L                                 
000004bc  BIN2BCD                                   
000004bd  BIN2BCD_H                                 
000004bc  BIN2BCD_L                                 
00037bce  C$$EXIT                                   
0000043e  CAPTIO0CTL                                
0000043f  CAPTIO0CTL_H                              
0000043e  CAPTIO0CTL_L                              
0000047e  CAPTIO1CTL                                
0000047f  CAPTIO1CTL_H                              
0000047e  CAPTIO1CTL_L                              
000008c0  CECTL0                                    
000008c1  CECTL0_H                                  
000008c0  CECTL0_L                                  
000008c2  CECTL1                                    
000008c3  CECTL1_H                                  
000008c2  CECTL1_L                                  
000008c4  CECTL2                                    
000008c5  CECTL2_H                                  
000008c4  CECTL2_L                                  
000008c6  CECTL3                                    
000008c7  CECTL3_H                                  
000008c6  CECTL3_L                                  
000008cc  CEINT                                     
000008cd  CEINT_H                                   
000008cc  CEINT_L                                   
000008ce  CEIV                                      
000008cf  CEIV_H                                    
000008ce  CEIV_L                                    
00000996  CRC16DIRBW0                               
00000997  CRC16DIRBW0_H                             
00000996  CRC16DIRBW0_L                             
00000990  CRC16DIW0                                 
00000991  CRC16DIW0_H                               
00000990  CRC16DIW0_L                               
00000998  CRC16INIRESW0                             
00000999  CRC16INIRESW0_H                           
00000998  CRC16INIRESW0_L                           
0000099e  CRC16RESRW0                               
0000099f  CRC16RESRW0_H                             
0000099e  CRC16RESRW0_L                             
00000986  CRC32DIRBW0                               
00000987  CRC32DIRBW0_H                             
00000986  CRC32DIRBW0_L                             
00000984  CRC32DIRBW1                               
00000985  CRC32DIRBW1_H                             
00000984  CRC32DIRBW1_L                             
00000980  CRC32DIW0                                 
00000981  CRC32DIW0_H                               
00000980  CRC32DIW0_L                               
00000982  CRC32DIW1                                 
00000983  CRC32DIW1_H                               
00000982  CRC32DIW1_L                               
00000988  CRC32INIRESW0                             
00000989  CRC32INIRESW0_H                           
00000988  CRC32INIRESW0_L                           
0000098a  CRC32INIRESW1                             
0000098b  CRC32INIRESW1_H                           
0000098a  CRC32INIRESW1_L                           
0000098e  CRC32RESRW0                               
0000098f  CRC32RESRW0_H                             
0000098e  CRC32RESRW0_L                             
0000098c  CRC32RESRW1                               
0000098d  CRC32RESRW1_H                             
0000098c  CRC32RESRW1_L                             
00000150  CRCDI                                     
00000152  CRCDIRB                                   
00000153  CRCDIRB_H                                 
00000152  CRCDIRB_L                                 
00000151  CRCDI_H                                   
00000150  CRCDI_L                                   
00000154  CRCINIRES                                 
00000155  CRCINIRES_H                               
00000154  CRCINIRES_L                               
00000156  CRCRESR                                   
00000157  CRCRESR_H                                 
00000156  CRCRESR_L                                 
00000160  CSCTL0                                    
00000161  CSCTL0_H                                  
00000160  CSCTL0_L                                  
00000162  CSCTL1                                    
00000163  CSCTL1_H                                  
00000162  CSCTL1_L                                  
00000164  CSCTL2                                    
00000165  CSCTL2_H                                  
00000164  CSCTL2_L                                  
00000166  CSCTL3                                    
00000167  CSCTL3_H                                  
00000166  CSCTL3_L                                  
00000168  CSCTL4                                    
00000169  CSCTL4_H                                  
00000168  CSCTL4_L                                  
0000016a  CSCTL5                                    
0000016b  CSCTL5_H                                  
0000016a  CSCTL5_L                                  
0000016c  CSCTL6                                    
0000016d  CSCTL6_H                                  
0000016c  CSCTL6_L                                  
00037ab2  CS_getSMCLK                               
00000510  DMA0CTL                                   
00000511  DMA0CTL_H                                 
00000510  DMA0CTL_L                                 
00000516  DMA0DA                                    
00000518  DMA0DAH                                   
00000516  DMA0DAL                                   
00000512  DMA0SA                                    
00000514  DMA0SAH                                   
00000512  DMA0SAL                                   
0000051a  DMA0SZ                                    
0000051b  DMA0SZ_H                                  
0000051a  DMA0SZ_L                                  
00000520  DMA1CTL                                   
00000521  DMA1CTL_H                                 
00000520  DMA1CTL_L                                 
00000526  DMA1DA                                    
00000528  DMA1DAH                                   
00000526  DMA1DAL                                   
00000522  DMA1SA                                    
00000524  DMA1SAH                                   
00000522  DMA1SAL                                   
0000052a  DMA1SZ                                    
0000052b  DMA1SZ_H                                  
0000052a  DMA1SZ_L                                  
00000530  DMA2CTL                                   
00000531  DMA2CTL_H                                 
00000530  DMA2CTL_L                                 
00000536  DMA2DA                                    
00000538  DMA2DAH                                   
00000536  DMA2DAL                                   
00000532  DMA2SA                                    
00000534  DMA2SAH                                   
00000532  DMA2SAL                                   
0000053a  DMA2SZ                                    
0000053b  DMA2SZ_H                                  
0000053a  DMA2SZ_L                                  
00000540  DMA3CTL                                   
00000541  DMA3CTL_H                                 
00000540  DMA3CTL_L                                 
00000546  DMA3DA                                    
00000548  DMA3DAH                                   
00000546  DMA3DAL                                   
00000542  DMA3SA                                    
00000544  DMA3SAH                                   
00000542  DMA3SAL                                   
0000054a  DMA3SZ                                    
0000054b  DMA3SZ_H                                  
0000054a  DMA3SZ_L                                  
00000550  DMA4CTL                                   
00000551  DMA4CTL_H                                 
00000550  DMA4CTL_L                                 
00000556  DMA4DA                                    
00000558  DMA4DAH                                   
00000556  DMA4DAL                                   
00000552  DMA4SA                                    
00000554  DMA4SAH                                   
00000552  DMA4SAL                                   
0000055a  DMA4SZ                                    
0000055b  DMA4SZ_H                                  
0000055a  DMA4SZ_L                                  
00000560  DMA5CTL                                   
00000561  DMA5CTL_H                                 
00000560  DMA5CTL_L                                 
00000566  DMA5DA                                    
00000568  DMA5DAH                                   
00000566  DMA5DAL                                   
00000562  DMA5SA                                    
00000564  DMA5SAH                                   
00000562  DMA5SAL                                   
0000056a  DMA5SZ                                    
0000056b  DMA5SZ_H                                  
0000056a  DMA5SZ_L                                  
00000500  DMACTL0                                   
00000501  DMACTL0_H                                 
00000500  DMACTL0_L                                 
00000502  DMACTL1                                   
00000503  DMACTL1_H                                 
00000502  DMACTL1_L                                 
00000504  DMACTL2                                   
00000505  DMACTL2_H                                 
00000504  DMACTL2_L                                 
00000508  DMACTL4                                   
00000509  DMACTL4_H                                 
00000508  DMACTL4_L                                 
0000050e  DMAIV                                     
0000050f  DMAIV_H                                   
0000050e  DMAIV_L                                   
00004000  DMA_ISR                                   
00037b3c  DMA_clearInterrupt                        
00037b4a  DMA_disableInterrupt                      
00037b0c  DMA_disableTransfers                      
00037b58  DMA_enableInterrupt                       
00037b1c  DMA_enableTransfers                       
0003754a  DMA_init                                  
0003798c  DMA_setDstAddress                         
000379b4  DMA_setSrcAddress                         
00037b66  EUSCI_A_UART_clearInterrupt               
00037baa  EUSCI_A_UART_disable                      
00037bb0  EUSCI_A_UART_enable                       
00037244  EUSCI_A_UART_init                         
0003780e  EUSCI_A_UART_transmitBreak                
00037a6e  EUSCI_A_UART_transmitData                 
00037bb6  EUSCI_B_I2C_disable                       
00037bbc  EUSCI_B_I2C_enable                        
000375ac  EUSCI_B_I2C_initMaster                    
00037b74  EUSCI_B_I2C_isBusBusy                     
00037904  EUSCI_B_I2C_masterSendMultiByteFinish     
00037a90  EUSCI_B_I2C_masterSendMultiByteNext       
000378ce  EUSCI_B_I2C_masterSendMultiByteStart      
00037b2c  EUSCI_B_I2C_setMode                       
00037b80  EUSCI_B_I2C_setSlaveAddress               
00037bc2  EUSCI_B_SPI_disable                       
00037bc8  EUSCI_B_SPI_enable                        
000376bc  EUSCI_B_SPI_initMaster                    
00037b98  EUSCI_B_SPI_isBusy                        
00037b8c  EUSCI_B_SPI_transmitData                  
00000140  FRCTL0                                    
00000141  FRCTL0_H                                  
00000140  FRCTL0_L                                  
00000144  GCCTL0                                    
00000145  GCCTL0_H                                  
00000144  GCCTL0_L                                  
00000146  GCCTL1                                    
00000147  GCCTL1_H                                  
00000146  GCCTL1_L                                  
000374de  GPIO_setAsPeripheralModuleFunctionInputPin
00000a80  LEACAP                                    
00000a82  LEACAPH                                   
00000a80  LEACAPL                                   
00000a98  LEACMA                                    
00000a9a  LEACMAH                                   
00000a98  LEACMAL                                   
00000a9c  LEACMCTL                                  
00000a9e  LEACMCTLH                                 
00000a9c  LEACMCTLL                                 
00000aa8  LEACMDSTAT                                
00000aaa  LEACMDSTATH                               
00000aa8  LEACMDSTATL                               
00000a84  LEACNF0                                   
00000a86  LEACNF0H                                  
00000a84  LEACNF0L                                  
00000a88  LEACNF1                                   
00000a8a  LEACNF1H                                  
00000a88  LEACNF1L                                  
00000a8c  LEACNF2                                   
00000a8e  LEACNF2H                                  
00000a8c  LEACNF2L                                  
00000ab4  LEADSTSTAT                                
00000ab6  LEADSTSTATH                               
00000ab4  LEADSTSTATL                               
00000af4  LEAIE                                     
00000af6  LEAIEH                                    
00000af4  LEAIEL                                    
00000af8  LEAIFG                                    
00000afa  LEAIFGH                                   
00000af8  LEAIFGL                                   
00000af0  LEAIFGSET                                 
00000af2  LEAIFGSETH                                
00000af0  LEAIFGSETL                                
00000afc  LEAIV                                     
00000afe  LEAIVH                                    
00000afc  LEAIVL                                    
00000a90  LEAMB                                     
00000a92  LEAMBH                                    
00000a90  LEAMBL                                    
00000a94  LEAMT                                     
00000a96  LEAMTH                                    
00000a94  LEAMTL                                    
00000ad0  LEAPMCB                                   
00000ad2  LEAPMCBH                                  
00000ad0  LEAPMCBL                                  
00000ac0  LEAPMCTL                                  
00000ac2  LEAPMCTLH                                 
00000ac0  LEAPMCTLL                                 
00000ac4  LEAPMDST                                  
00000ac6  LEAPMDSTH                                 
00000ac4  LEAPMDSTL                                 
00000acc  LEAPMS0                                   
00000ace  LEAPMS0H                                  
00000acc  LEAPMS0L                                  
00000ac8  LEAPMS1                                   
00000aca  LEAPMS1H                                  
00000ac8  LEAPMS1L                                  
00000ab0  LEAS0STAT                                 
00000ab2  LEAS0STATH                                
00000ab0  LEAS0STATL                                
00000aac  LEAS1STAT                                 
00000aae  LEAS1STATH                                
00000aac  LEAS1STATL                                
000004c4  MAC                                       
000004da  MAC32H                                    
000004db  MAC32H_H                                  
000004da  MAC32H_L                                  
000004d8  MAC32L                                    
000004d9  MAC32L_H                                  
000004d8  MAC32L_L                                  
000004c6  MACS                                      
000004de  MACS32H                                   
000004df  MACS32H_H                                 
000004de  MACS32H_L                                 
000004dc  MACS32L                                   
000004dd  MACS32L_H                                 
000004dc  MACS32L_L                                 
000004c7  MACS_H                                    
000004c6  MACS_L                                    
000004c5  MAC_H                                     
000004c4  MAC_L                                     
000005a0  MPUCTL0                                   
000005a1  MPUCTL0_H                                 
000005a0  MPUCTL0_L                                 
000005a2  MPUCTL1                                   
000005a3  MPUCTL1_H                                 
000005a2  MPUCTL1_L                                 
000005aa  MPUIPC0                                   
000005ab  MPUIPC0_H                                 
000005aa  MPUIPC0_L                                 
000005ae  MPUIPSEGB1                                
000005af  MPUIPSEGB1_H                              
000005ae  MPUIPSEGB1_L                              
000005ac  MPUIPSEGB2                                
000005ad  MPUIPSEGB2_H                              
000005ac  MPUIPSEGB2_L                              
000005a8  MPUSAM                                    
000005a9  MPUSAM_H                                  
000005a8  MPUSAM_L                                  
000005a6  MPUSEGB1                                  
000005a7  MPUSEGB1_H                                
000005a6  MPUSEGB1_L                                
000005a4  MPUSEGB2                                  
000005a5  MPUSEGB2_H                                
000005a4  MPUSEGB2_L                                
000004c0  MPY                                       
000004ec  MPY32CTL0                                 
000004ed  MPY32CTL0_H                               
000004ec  MPY32CTL0_L                               
000004d2  MPY32H                                    
000004d3  MPY32H_H                                  
000004d2  MPY32H_L                                  
000004d0  MPY32L                                    
000004d1  MPY32L_H                                  
000004d0  MPY32L_L                                  
000004c2  MPYS                                      
000004d6  MPYS32H                                   
000004d7  MPYS32H_H                                 
000004d6  MPYS32H_L                                 
000004d4  MPYS32L                                   
000004d5  MPYS32L_H                                 
000004d4  MPYS32L_L                                 
000004c3  MPYS_H                                    
000004c2  MPYS_L                                    
000004c1  MPY_H                                     
000004c0  MPY_L                                     
000004c8  OP2                                       
000004e2  OP2H                                      
000004e3  OP2H_H                                    
000004e2  OP2H_L                                    
000004e0  OP2L                                      
000004e1  OP2L_H                                    
000004e0  OP2L_L                                    
000004c9  OP2_H                                     
000004c8  OP2_L                                     
00000204  P1DIR                                     
0000021a  P1IE                                      
00000218  P1IES                                     
0000021c  P1IFG                                     
00000200  P1IN                                      
0000020e  P1IV                                      
0000020f  P1IV_H                                    
0000020e  P1IV_L                                    
00000202  P1OUT                                     
00000206  P1REN                                     
0000020a  P1SEL0                                    
0000020c  P1SEL1                                    
00000216  P1SELC                                    
00000205  P2DIR                                     
0000021b  P2IE                                      
00000219  P2IES                                     
0000021d  P2IFG                                     
00000201  P2IN                                      
0000021e  P2IV                                      
0000021f  P2IV_H                                    
0000021e  P2IV_L                                    
00000203  P2OUT                                     
00000207  P2REN                                     
0000020b  P2SEL0                                    
0000020d  P2SEL1                                    
00000217  P2SELC                                    
00000224  P3DIR                                     
0000023a  P3IE                                      
00000238  P3IES                                     
0000023c  P3IFG                                     
00000220  P3IN                                      
0000022e  P3IV                                      
0000022f  P3IV_H                                    
0000022e  P3IV_L                                    
00000222  P3OUT                                     
00000226  P3REN                                     
0000022a  P3SEL0                                    
0000022c  P3SEL1                                    
00000236  P3SELC                                    
00000225  P4DIR                                     
0000023b  P4IE                                      
00000239  P4IES                                     
0000023d  P4IFG                                     
00000221  P4IN                                      
0000023e  P4IV                                      
0000023f  P4IV_H                                    
0000023e  P4IV_L                                    
00000223  P4OUT                                     
00000227  P4REN                                     
0000022b  P4SEL0                                    
0000022d  P4SEL1                                    
00000237  P4SELC                                    
00000244  P5DIR                                     
0000025a  P5IE                                      
00000258  P5IES                                     
0000025c  P5IFG                                     
00000240  P5IN                                      
0000024e  P5IV                                      
0000024f  P5IV_H                                    
0000024e  P5IV_L                                    
00000242  P5OUT                                     
00000246  P5REN                                     
0000024a  P5SEL0                                    
0000024c  P5SEL1                                    
00000256  P5SELC                                    
00000245  P6DIR                                     
0000025b  P6IE                                      
00000259  P6IES                                     
0000025d  P6IFG                                     
00000241  P6IN                                      
0000025e  P6IV                                      
0000025f  P6IV_H                                    
0000025e  P6IV_L                                    
00000243  P6OUT                                     
00000247  P6REN                                     
0000024b  P6SEL0                                    
0000024d  P6SEL1                                    
00000257  P6SELC                                    
00000264  P7DIR                                     
0000027a  P7IE                                      
00000278  P7IES                                     
0000027c  P7IFG                                     
00000260  P7IN                                      
0000026e  P7IV                                      
0000026f  P7IV_H                                    
0000026e  P7IV_L                                    
00000262  P7OUT                                     
00000266  P7REN                                     
0000026a  P7SEL0                                    
0000026c  P7SEL1                                    
00000276  P7SELC                                    
00000265  P8DIR                                     
0000027b  P8IE                                      
00000279  P8IES                                     
0000027d  P8IFG                                     
00000261  P8IN                                      
0000027e  P8IV                                      
0000027f  P8IV_H                                    
0000027e  P8IV_L                                    
00000263  P8OUT                                     
00000267  P8REN                                     
0000026b  P8SEL0                                    
0000026d  P8SEL1                                    
00000277  P8SELC                                    
00000204  PADIR                                     
00000205  PADIR_H                                   
00000204  PADIR_L                                   
0000021a  PAIE                                      
00000218  PAIES                                     
00000219  PAIES_H                                   
00000218  PAIES_L                                   
0000021b  PAIE_H                                    
0000021a  PAIE_L                                    
0000021c  PAIFG                                     
0000021d  PAIFG_H                                   
0000021c  PAIFG_L                                   
00000200  PAIN                                      
00000201  PAIN_H                                    
00000200  PAIN_L                                    
00000202  PAOUT                                     
00000203  PAOUT_H                                   
00000202  PAOUT_L                                   
00000206  PAREN                                     
00000207  PAREN_H                                   
00000206  PAREN_L                                   
0000020a  PASEL0                                    
0000020b  PASEL0_H                                  
0000020a  PASEL0_L                                  
0000020c  PASEL1                                    
0000020d  PASEL1_H                                  
0000020c  PASEL1_L                                  
00000216  PASELC                                    
00000217  PASELC_H                                  
00000216  PASELC_L                                  
00000224  PBDIR                                     
00000225  PBDIR_H                                   
00000224  PBDIR_L                                   
0000023a  PBIE                                      
00000238  PBIES                                     
00000239  PBIES_H                                   
00000238  PBIES_L                                   
0000023b  PBIE_H                                    
0000023a  PBIE_L                                    
0000023c  PBIFG                                     
0000023d  PBIFG_H                                   
0000023c  PBIFG_L                                   
00000220  PBIN                                      
00000221  PBIN_H                                    
00000220  PBIN_L                                    
00000222  PBOUT                                     
00000223  PBOUT_H                                   
00000222  PBOUT_L                                   
00000226  PBREN                                     
00000227  PBREN_H                                   
00000226  PBREN_L                                   
0000022a  PBSEL0                                    
0000022b  PBSEL0_H                                  
0000022a  PBSEL0_L                                  
0000022c  PBSEL1                                    
0000022d  PBSEL1_H                                  
0000022c  PBSEL1_L                                  
00000236  PBSELC                                    
00000237  PBSELC_H                                  
00000236  PBSELC_L                                  
00000244  PCDIR                                     
00000245  PCDIR_H                                   
00000244  PCDIR_L                                   
0000025a  PCIE                                      
00000258  PCIES                                     
00000259  PCIES_H                                   
00000258  PCIES_L                                   
0000025b  PCIE_H                                    
0000025a  PCIE_L                                    
0000025c  PCIFG                                     
0000025d  PCIFG_H                                   
0000025c  PCIFG_L                                   
00000240  PCIN                                      
00000241  PCIN_H                                    
00000240  PCIN_L                                    
00000242  PCOUT                                     
00000243  PCOUT_H                                   
00000242  PCOUT_L                                   
00000246  PCREN                                     
00000247  PCREN_H                                   
00000246  PCREN_L                                   
0000024a  PCSEL0                                    
0000024b  PCSEL0_H                                  
0000024a  PCSEL0_L                                  
0000024c  PCSEL1                                    
0000024d  PCSEL1_H                                  
0000024c  PCSEL1_L                                  
00000256  PCSELC                                    
00000257  PCSELC_H                                  
00000256  PCSELC_L                                  
00000264  PDDIR                                     
00000265  PDDIR_H                                   
00000264  PDDIR_L                                   
0000027a  PDIE                                      
00000278  PDIES                                     
00000279  PDIES_H                                   
00000278  PDIES_L                                   
0000027b  PDIE_H                                    
0000027a  PDIE_L                                    
0000027c  PDIFG                                     
0000027d  PDIFG_H                                   
0000027c  PDIFG_L                                   
00000260  PDIN                                      
00000261  PDIN_H                                    
00000260  PDIN_L                                    
00000262  PDOUT                                     
00000263  PDOUT_H                                   
00000262  PDOUT_L                                   
00000266  PDREN                                     
00000267  PDREN_H                                   
00000266  PDREN_L                                   
0000026a  PDSEL0                                    
0000026b  PDSEL0_H                                  
0000026a  PDSEL0_L                                  
0000026c  PDSEL1                                    
0000026d  PDSEL1_H                                  
0000026c  PDSEL1_L                                  
00000276  PDSELC                                    
00000277  PDSELC_H                                  
00000276  PDSELC_L                                  
00000324  PJDIR                                     
00000325  PJDIR_H                                   
00000324  PJDIR_L                                   
00000320  PJIN                                      
00000321  PJIN_H                                    
00000320  PJIN_L                                    
00000322  PJOUT                                     
00000323  PJOUT_H                                   
00000322  PJOUT_L                                   
00000326  PJREN                                     
00000327  PJREN_H                                   
00000326  PJREN_L                                   
0000032a  PJSEL0                                    
0000032b  PJSEL0_H                                  
0000032a  PJSEL0_L                                  
0000032c  PJSEL1                                    
0000032d  PJSEL1_H                                  
0000032c  PJSEL1_L                                  
00000336  PJSELC                                    
00000337  PJSELC_H                                  
00000336  PJSELC_L                                  
00000130  PM5CTL0                                   
00000131  PM5CTL0_H                                 
00000130  PM5CTL0_L                                 
00000120  PMMCTL0                                   
00000121  PMMCTL0_H                                 
00000120  PMMCTL0_L                                 
0000012a  PMMIFG                                    
0000012b  PMMIFG_H                                  
0000012a  PMMIFG_L                                  
00037ba2  PMM_unlockLPM5                            
000040c6  PORT4_ISR                                 
00004066  PORT8_ISR                                 
00000158  RCCTL0                                    
00000159  RCCTL0_H                                  
00000158  RCCTL0_L                                  
000001b0  REFCTL0                                   
000001b1  REFCTL0_H                                 
000001b0  REFCTL0_L                                 
000004e4  RES0                                      
000004e5  RES0_H                                    
000004e4  RES0_L                                    
000004e6  RES1                                      
000004e7  RES1_H                                    
000004e6  RES1_L                                    
000004e8  RES2                                      
000004e9  RES2_H                                    
000004e8  RES2_L                                    
000004ea  RES3                                      
000004eb  RES3_H                                    
000004ea  RES3_L                                    
000004cc  RESHI                                     
000004cd  RESHI_H                                   
000004cc  RESHI_L                                   
000004ca  RESLO                                     
000004cb  RESLO_H                                   
000004ca  RESLO_L                                   
000004ac  RT0PS                                     
000004ad  RT1PS                                     
000004ba  RTCADOWDAY                                
000004bb  RTCADOWDAY_H                              
000004ba  RTCADOWDAY_L                              
000004b8  RTCAMINHR                                 
000004b9  RTCAMINHR_H                               
000004b8  RTCAMINHR_L                               
000004b0  RTCCNT1                                   
000004b0  RTCCNT12                                  
000004b1  RTCCNT12_H                                
000004b0  RTCCNT12_L                                
000004b1  RTCCNT2                                   
000004b2  RTCCNT3                                   
000004b2  RTCCNT34                                  
000004b3  RTCCNT34_H                                
000004b2  RTCCNT34_L                                
000004b3  RTCCNT4                                   
000004a0  RTCCTL0                                   
000004a1  RTCCTL0_H                                 
000004a0  RTCCTL0_L                                 
000004a2  RTCCTL13                                  
000004a3  RTCCTL13_H                                
000004a2  RTCCTL13_L                                
000004b4  RTCDATE                                   
000004b5  RTCDATE_H                                 
000004b4  RTCDATE_L                                 
000004ae  RTCIV                                     
000004af  RTCIV_H                                   
000004ae  RTCIV_L                                   
000004a4  RTCOCAL                                   
000004a5  RTCOCAL_H                                 
000004a4  RTCOCAL_L                                 
000004ac  RTCPS                                     
000004a8  RTCPS0CTL                                 
000004a9  RTCPS0CTL_H                               
000004a8  RTCPS0CTL_L                               
000004aa  RTCPS1CTL                                 
000004ab  RTCPS1CTL_H                               
000004aa  RTCPS1CTL_L                               
000004ad  RTCPS_H                                   
000004ac  RTCPS_L                                   
000004a6  RTCTCMP                                   
000004a7  RTCTCMP_H                                 
000004a6  RTCTCMP_L                                 
000004b0  RTCTIM0                                   
000004b1  RTCTIM0_H                                 
000004b0  RTCTIM0_L                                 
000004b2  RTCTIM1                                   
000004b3  RTCTIM1_H                                 
000004b2  RTCTIM1_L                                 
000004b6  RTCYEAR                                   
000004b7  RTCYEAR_H                                 
000004b6  RTCYEAR_L                                 
00000100  SFRIE1                                    
00000101  SFRIE1_H                                  
00000100  SFRIE1_L                                  
00000102  SFRIFG1                                   
00000103  SFRIFG1_H                                 
00000102  SFRIFG1_L                                 
00000104  SFRRPCR                                   
00000105  SFRRPCR_H                                 
00000104  SFRRPCR_L                                 
000004ce  SUMEXT                                    
000004cf  SUMEXT_H                                  
000004ce  SUMEXT_L                                  
00000180  SYSCTL                                    
00000181  SYSCTL_H                                  
00000180  SYSCTL_L                                  
00000186  SYSJMBC                                   
00000187  SYSJMBC_H                                 
00000186  SYSJMBC_L                                 
00000188  SYSJMBI0                                  
00000189  SYSJMBI0_H                                
00000188  SYSJMBI0_L                                
0000018a  SYSJMBI1                                  
0000018b  SYSJMBI1_H                                
0000018a  SYSJMBI1_L                                
0000018c  SYSJMBO0                                  
0000018d  SYSJMBO0_H                                
0000018c  SYSJMBO0_L                                
0000018e  SYSJMBO1                                  
0000018f  SYSJMBO1_H                                
0000018e  SYSJMBO1_L                                
0000019e  SYSRSTIV                                  
0000019f  SYSRSTIV_H                                
0000019e  SYSRSTIV_L                                
0000019c  SYSSNIV                                   
0000019d  SYSSNIV_H                                 
0000019c  SYSSNIV_L                                 
0000019a  SYSUNIV                                   
0000019b  SYSUNIV_H                                 
0000019a  SYSUNIV_L                                 
00000352  TA0CCR0                                   
00000353  TA0CCR0_H                                 
00000352  TA0CCR0_L                                 
00000354  TA0CCR1                                   
00000355  TA0CCR1_H                                 
00000354  TA0CCR1_L                                 
00000356  TA0CCR2                                   
00000357  TA0CCR2_H                                 
00000356  TA0CCR2_L                                 
00000342  TA0CCTL0                                  
00000343  TA0CCTL0_H                                
00000342  TA0CCTL0_L                                
00000344  TA0CCTL1                                  
00000345  TA0CCTL1_H                                
00000344  TA0CCTL1_L                                
00000346  TA0CCTL2                                  
00000347  TA0CCTL2_H                                
00000346  TA0CCTL2_L                                
00000340  TA0CTL                                    
00000341  TA0CTL_H                                  
00000340  TA0CTL_L                                  
00000360  TA0EX0                                    
00000361  TA0EX0_H                                  
00000360  TA0EX0_L                                  
0000036e  TA0IV                                     
0000036f  TA0IV_H                                   
0000036e  TA0IV_L                                   
00000350  TA0R                                      
00000351  TA0R_H                                    
00000350  TA0R_L                                    
00000392  TA1CCR0                                   
00000393  TA1CCR0_H                                 
00000392  TA1CCR0_L                                 
00000394  TA1CCR1                                   
00000395  TA1CCR1_H                                 
00000394  TA1CCR1_L                                 
00000396  TA1CCR2                                   
00000397  TA1CCR2_H                                 
00000396  TA1CCR2_L                                 
00000382  TA1CCTL0                                  
00000383  TA1CCTL0_H                                
00000382  TA1CCTL0_L                                
00000384  TA1CCTL1                                  
00000385  TA1CCTL1_H                                
00000384  TA1CCTL1_L                                
00000386  TA1CCTL2                                  
00000387  TA1CCTL2_H                                
00000386  TA1CCTL2_L                                
00000380  TA1CTL                                    
00000381  TA1CTL_H                                  
00000380  TA1CTL_L                                  
000003a0  TA1EX0                                    
000003a1  TA1EX0_H                                  
000003a0  TA1EX0_L                                  
000003ae  TA1IV                                     
000003af  TA1IV_H                                   
000003ae  TA1IV_L                                   
00000390  TA1R                                      
00000391  TA1R_H                                    
00000390  TA1R_L                                    
00000412  TA2CCR0                                   
00000413  TA2CCR0_H                                 
[...]
00000862  ADC12MEM1_L                               
00000863  ADC12MEM1_H                               
00000864  ADC12MEM2                                 
00000864  ADC12MEM2_L                               
00000865  ADC12MEM2_H                               
00000866  ADC12MEM3                                 
00000866  ADC12MEM3_L                               
00000867  ADC12MEM3_H                               
00000868  ADC12MEM4                                 
00000868  ADC12MEM4_L                               
00000869  ADC12MEM4_H                               
0000086a  ADC12MEM5                                 
0000086a  ADC12MEM5_L                               
0000086b  ADC12MEM5_H                               
0000086c  ADC12MEM6                                 
0000086c  ADC12MEM6_L                               
0000086d  ADC12MEM6_H                               
0000086e  ADC12MEM7                                 
0000086e  ADC12MEM7_L                               
0000086f  ADC12MEM7_H                               
00000870  ADC12MEM8                                 
00000870  ADC12MEM8_L                               
00000871  ADC12MEM8_H                               
00000872  ADC12MEM9                                 
00000872  ADC12MEM9_L                               
00000873  ADC12MEM9_H                               
00000874  ADC12MEM10                                
00000874  ADC12MEM10_L                              
00000875  ADC12MEM10_H                              
00000876  ADC12MEM11                                
00000876  ADC12MEM11_L                              
00000877  ADC12MEM11_H                              
00000878  ADC12MEM12                                
00000878  ADC12MEM12_L                              
00000879  ADC12MEM12_H                              
0000087a  ADC12MEM13                                
0000087a  ADC12MEM13_L                              
0000087b  ADC12MEM13_H                              
0000087c  ADC12MEM14                                
0000087c  ADC12MEM14_L                              
0000087d  ADC12MEM14_H                              
0000087e  ADC12MEM15                                
0000087e  ADC12MEM15_L                              
0000087f  ADC12MEM15_H                              
00000880  ADC12MEM16                                
00000880  ADC12MEM16_L                              
00000881  ADC12MEM16_H                              
00000882  ADC12MEM17                                
00000882  ADC12MEM17_L                              
00000883  ADC12MEM17_H                              
00000884  ADC12MEM18                                
00000884  ADC12MEM18_L                              
00000885  ADC12MEM18_H                              
00000886  ADC12MEM19                                
00000886  ADC12MEM19_L                              
00000887  ADC12MEM19_H                              
00000888  ADC12MEM20                                
00000888  ADC12MEM20_L                              
00000889  ADC12MEM20_H                              
0000088a  ADC12MEM21                                
0000088a  ADC12MEM21_L                              
0000088b  ADC12MEM21_H                              
0000088c  ADC12MEM22                                
0000088c  ADC12MEM22_L                              
0000088d  ADC12MEM22_H                              
0000088e  ADC12MEM23                                
0000088e  ADC12MEM23_L                              
0000088f  ADC12MEM23_H                              
00000890  ADC12MEM24                                
00000890  ADC12MEM24_L                              
00000891  ADC12MEM24_H                              
00000892  ADC12MEM25                                
00000892  ADC12MEM25_L                              
00000893  ADC12MEM25_H                              
00000894  ADC12MEM26                                
00000894  ADC12MEM26_L                              
00000895  ADC12MEM26_H                              
00000896  ADC12MEM27                                
00000896  ADC12MEM27_L                              
00000897  ADC12MEM27_H                              
00000898  ADC12MEM28                                
00000898  ADC12MEM28_L                              
00000899  ADC12MEM28_H                              
0000089a  ADC12MEM29                                
0000089a  ADC12MEM29_L                              
0000089b  ADC12MEM29_H                              
0000089c  ADC12MEM30                                
0000089c  ADC12MEM30_L                              
0000089d  ADC12MEM30_H                              
0000089e  ADC12MEM31                                
0000089e  ADC12MEM31_L                              
0000089f  ADC12MEM31_H                              
000008c0  CECTL0                                    
000008c0  CECTL0_L                                  
000008c1  CECTL0_H                                  
000008c2  CECTL1                                    
000008c2  CECTL1_L                                  
000008c3  CECTL1_H                                  
000008c4  CECTL2                                    
000008c4  CECTL2_L                                  
000008c5  CECTL2_H                                  
000008c6  CECTL3                                    
000008c6  CECTL3_L                                  
000008c7  CECTL3_H                                  
000008cc  CEINT                                     
000008cc  CEINT_L                                   
000008cd  CEINT_H                                   
000008ce  CEIV                                      
000008ce  CEIV_L                                    
000008cf  CEIV_H                                    
00000980  CRC32DIW0                                 
00000980  CRC32DIW0_L                               
00000981  CRC32DIW0_H                               
00000982  CRC32DIW1                                 
00000982  CRC32DIW1_L                               
00000983  CRC32DIW1_H                               
00000984  CRC32DIRBW1                               
00000984  CRC32DIRBW1_L                             
00000985  CRC32DIRBW1_H                             
00000986  CRC32DIRBW0                               
00000986  CRC32DIRBW0_L                             
00000987  CRC32DIRBW0_H                             
00000988  CRC32INIRESW0                             
00000988  CRC32INIRESW0_L                           
00000989  CRC32INIRESW0_H                           
0000098a  CRC32INIRESW1                             
0000098a  CRC32INIRESW1_L                           
0000098b  CRC32INIRESW1_H                           
0000098c  CRC32RESRW1                               
0000098c  CRC32RESRW1_L                             
0000098d  CRC32RESRW1_H                             
0000098e  CRC32RESRW0                               
0000098e  CRC32RESRW0_L                             
0000098f  CRC32RESRW0_H                             
00000990  CRC16DIW0                                 
00000990  CRC16DIW0_L                               
00000991  CRC16DIW0_H                               
00000996  CRC16DIRBW0                               
00000996  CRC16DIRBW0_L                             
00000997  CRC16DIRBW0_H                             
00000998  CRC16INIRESW0                             
00000998  CRC16INIRESW0_L                           
00000999  CRC16INIRESW0_H                           
0000099e  CRC16RESRW0                               
0000099e  CRC16RESRW0_L                             
0000099f  CRC16RESRW0_H                             
000009c0  AESACTL0                                  
000009c0  AESACTL0_L                                
000009c1  AESACTL0_H                                
000009c2  AESACTL1                                  
000009c2  AESACTL1_L                                
000009c3  AESACTL1_H                                
000009c4  AESASTAT                                  
000009c4  AESASTAT_L                                
000009c5  AESASTAT_H                                
000009c6  AESAKEY                                   
000009c6  AESAKEY_L                                 
000009c7  AESAKEY_H                                 
000009c8  AESADIN                                   
000009c8  AESADIN_L                                 
000009c9  AESADIN_H                                 
000009ca  AESADOUT                                  
000009ca  AESADOUT_L                                
000009cb  AESADOUT_H                                
000009cc  AESAXDIN                                  
000009cc  AESAXDIN_L                                
000009cd  AESAXDIN_H                                
000009ce  AESAXIN                                   
000009ce  AESAXIN_L                                 
000009cf  AESAXIN_H                                 
00000a80  LEACAP                                    
00000a80  LEACAPL                                   
00000a82  LEACAPH                                   
00000a84  LEACNF0                                   
00000a84  LEACNF0L                                  
00000a86  LEACNF0H                                  
00000a88  LEACNF1                                   
00000a88  LEACNF1L                                  
00000a8a  LEACNF1H                                  
00000a8c  LEACNF2                                   
00000a8c  LEACNF2L                                  
00000a8e  LEACNF2H                                  
00000a90  LEAMB                                     
00000a90  LEAMBL                                    
00000a92  LEAMBH                                    
00000a94  LEAMT                                     
00000a94  LEAMTL                                    
00000a96  LEAMTH                                    
00000a98  LEACMA                                    
00000a98  LEACMAL                                   
00000a9a  LEACMAH                                   
00000a9c  LEACMCTL                                  
00000a9c  LEACMCTLL                                 
00000a9e  LEACMCTLH                                 
00000aa8  LEACMDSTAT                                
00000aa8  LEACMDSTATL                               
00000aaa  LEACMDSTATH                               
00000aac  LEAS1STAT                                 
00000aac  LEAS1STATL                                
00000aae  LEAS1STATH                                
00000ab0  LEAS0STAT                                 
00000ab0  LEAS0STATL                                
00000ab2  LEAS0STATH                                
00000ab4  LEADSTSTAT                                
00000ab4  LEADSTSTATL                               
00000ab6  LEADSTSTATH                               
00000ac0  LEAPMCTL                                  
00000ac0  LEAPMCTLL                                 
00000ac2  LEAPMCTLH                                 
00000ac4  LEAPMDST                                  
00000ac4  LEAPMDSTL                                 
00000ac6  LEAPMDSTH                                 
00000ac8  LEAPMS1                                   
00000ac8  LEAPMS1L                                  
00000aca  LEAPMS1H                                  
00000acc  LEAPMS0                                   
00000acc  LEAPMS0L                                  
00000ace  LEAPMS0H                                  
00000ad0  LEAPMCB                                   
00000ad0  LEAPMCBL                                  
00000ad2  LEAPMCBH                                  
00000af0  LEAIFGSET                                 
00000af0  LEAIFGSETL                                
00000af2  LEAIFGSETH                                
00000af4  LEAIE                                     
00000af4  LEAIEL                                    
00000af6  LEAIEH                                    
00000af8  LEAIFG                                    
00000af8  LEAIFGL                                   
00000afa  LEAIFGH                                   
00000afc  LEAIV                                     
00000afc  LEAIVL                                    
00000afe  LEAIVH                                    
00001c08  image_ready                               
00001c0a  img_cnt                                   
00001c0c  image_res                                 
00001c0d  pending_res_change                        
00001c0e  dma_target_addr                           
00001c12  dma_major_count                           
00002b60  _stack                                    
00002c00  __STACK_END                               
00004000  DMA_ISR                                   
00004000  fram_ipe_end                              
00004000  fram_ipe_start                            
00004000  fram_rw_start                             
00004000  fram_rx_start                             
00004066  PORT8_ISR                                 
000040c6  PORT4_ISR                                 
00004100  _c_int00_noargs_noexit                    
0000411a  __TI_ISR_TRAP                             
00004180  __TI_Handler_Table_Base                   
0000418c  __TI_Handler_Table_Limit                  
0000419c  __TI_CINIT_Base                           
000041ac  __TI_CINIT_Limit                          
0000ffb4  __TI_int18                                
0000ffb6  __TI_int19                                
0000ffb8  __TI_int20                                
0000ffba  __TI_int21                                
0000ffbc  __TI_int22                                
0000ffbe  __TI_int23                                
0000ffc0  __TI_int24                                
0000ffc2  __TI_int25                                
0000ffc4  __TI_int26                                
0000ffc6  __TI_int27                                
0000ffc8  __TI_int28                                
0000ffca  __TI_int29                                
0000ffcc  __TI_int30                                
0000ffce  __TI_int31                                
0000ffd0  __TI_int32                                
0000ffd2  __TI_int33                                
0000ffd4  __TI_int34                                
0000ffd6  __TI_int35                                
0000ffd8  __TI_int36                                
0000ffda  __TI_int37                                
0000ffdc  __TI_int38                                
0000ffde  __TI_int39                                
0000ffe0  __TI_int40                                
0000ffe2  __TI_int41                                
0000ffe4  __TI_int42                                
0000ffe6  __TI_int43                                
0000ffe8  __TI_int44                                
0000ffea  __TI_int45                                
0000ffec  __TI_int46                                
0000ffee  __TI_int47                                
0000fff0  __TI_int48                                
0000fff2  __TI_int49                                
0000fff4  __TI_int50                                
0000fff6  __TI_int51                                
0000fff8  __TI_int52                                
0000fffa  __TI_int53                                
0000fffc  __TI_int54                                
0000fffe  _reset_vector                             
00010000  img_buffer                                
00036d70  main                                      
000370f8  _auto_init_hold_wdt                       
000371a0  config_camera_lores                       
00037244  EUSCI_A_UART_init                         
000372e2  config_camera_hires                       
00037380  __TI_decompress_lzss                      
000373f6  init_uart                                 
0003746c  copy_in                                   
000374de  GPIO_setAsPeripheralModuleFunctionInputPin
0003754a  DMA_init                                  
000375ac  EUSCI_B_I2C_initMaster                    
00037608  dac_init                                  
00037664  __mspabi_divul                            
00037664  __mspabi_remul                            
000376bc  EUSCI_B_SPI_initMaster                    
00037712  write_camera                              
00037768  i2c_init                                  
000377bc  dac_write                                 
0003780e  EUSCI_A_UART_transmitBreak                
00037850  __mspabi_divli                            
00037850  __mspabi_remli                            
00037890  __mspabi_sral_15                          
00037894  __mspabi_sral_14                          
00037898  __mspabi_sral_13                          
0003789c  __mspabi_sral_12                          
000378a0  __mspabi_sral_11                          
000378a4  __mspabi_sral_10                          
000378a8  __mspabi_sral_9                           
000378ac  __mspabi_sral_8                           
000378b0  __mspabi_sral_7                           
000378b4  __mspabi_sral_6                           
000378b8  __mspabi_sral_5                           
000378bc  __mspabi_sral_4                           
000378c0  __mspabi_sral_3                           
000378c4  __mspabi_sral_2                           
000378c8  __mspabi_sral_1                           
000378ce  EUSCI_B_I2C_masterSendMultiByteStart      
00037904  EUSCI_B_I2C_masterSendMultiByteFinish     
00037936  __mspabi_divi                             
00037936  __mspabi_remi                             
00037962  memcpy                                    
0003798c  DMA_setDstAddress                         
000379b4  DMA_setSrcAddress                         
000379da  config_dma_hires                          
00037a00  config_dma_lores                          
00037a26  __TI_zero_init                            
00037a4a  __mspabi_mpyl_f5hw                        
00037a6e  EUSCI_A_UART_transmitData                 
00037a90  EUSCI_B_I2C_masterSendMultiByteNext       
00037ab2  CS_getSMCLK                               
00037aca  WDT_A_hold                                
00037ae0  __TI_decompress_none                      
00037af6  __mspabi_divu                             
00037af6  __mspabi_remu                             
00037b0c  DMA_disableTransfers                      
00037b1c  DMA_enableTransfers                       
00037b2c  EUSCI_B_I2C_setMode                       
00037b3c  DMA_clearInterrupt                        
00037b4a  DMA_disableInterrupt                      
00037b58  DMA_enableInterrupt                       
00037b66  EUSCI_A_UART_clearInterrupt               
00037b74  EUSCI_B_I2C_isBusBusy                     
00037b80  EUSCI_B_I2C_setSlaveAddress               
00037b8c  EUSCI_B_SPI_transmitData                  
00037b98  EUSCI_B_SPI_isBusy                        
00037ba2  PMM_unlockLPM5                            
00037baa  EUSCI_A_UART_disable                      
00037bb0  EUSCI_A_UART_enable                       
00037bb6  EUSCI_B_I2C_disable                       
00037bbc  EUSCI_B_I2C_enable                        
00037bc2  EUSCI_B_SPI_disable                       
00037bc8  EUSCI_B_SPI_enable                        
00037bce  C$$EXIT                                   
00037bce  abort                                     
00037bd4  _system_pre_init                          
00037bd8  _system_post_cinit                        
ffffffff  __TI_pprof_out_hndl                       
ffffffff  __TI_prof_data_size                       
ffffffff  __TI_prof_data_start                      
ffffffff  __c_args__                                
UNDEFED   __TI_BINIT_Base                           
UNDEFED   __TI_BINIT_Limit                          
UNDEFED   __TI_INITARRAY_Base                       
UNDEFED   __TI_INITARRAY_Limit                      

[1644 symbols]
