<?xml version="1.0"?>
<link_info>
   <banner>MSP430 Linker PC v16.9.3.LTS</banner>
   <copyright>Copyright (c) 2003-2017 Texas Instruments Incorporated</copyright>
   <link_time>0x5aa72937</link_time>
   <link_errors>0x0</link_errors>
   <output_file>himax-driver.out</output_file>
   <entry_point>
      <name>_c_int00_noargs_noexit</name>
      <address>0x4100</address>
   </entry_point>
   <input_file_list>
      <input_file id="fl-2">
         <path>.\</path>
         <kind>object</kind>
         <file>main.obj</file>
         <name>main.obj</name>
      </input_file>
      <input_file id="fl-3">
         <path>.\FatFs\</path>
         <kind>object</kind>
         <file>ff.obj</file>
         <name>ff.obj</name>
      </input_file>
      <input_file id="fl-4">
         <path>.\FatFs\</path>
         <kind>object</kind>
         <file>mmc.obj</file>
         <name>mmc.obj</name>
      </input_file>
      <input_file id="fl-5">
         <path>.\HAL\</path>
         <kind>object</kind>
         <file>HAL_SDCard.obj</file>
         <name>HAL_SDCard.obj</name>
      </input_file>
      <input_file id="fl-6">
         <path>.\SDCardLib\</path>
         <kind>object</kind>
         <file>sdcard.obj</file>
         <name>sdcard.obj</name>
      </input_file>
      <input_file id="fl-7">
         <path>.\driverlib\MSP430FR5xx_6xx\</path>
         <kind>object</kind>
         <file>adc12_b.obj</file>
         <name>adc12_b.obj</name>
      </input_file>
      <input_file id="fl-8">
         <path>.\driverlib\MSP430FR5xx_6xx\</path>
         <kind>object</kind>
         <file>aes256.obj</file>
         <name>aes256.obj</name>
      </input_file>
      <input_file id="fl-9">
         <path>.\driverlib\MSP430FR5xx_6xx\</path>
         <kind>object</kind>
         <file>comp_e.obj</file>
         <name>comp_e.obj</name>
      </input_file>
      <input_file id="fl-a">
         <path>.\driverlib\MSP430FR5xx_6xx\</path>
         <kind>object</kind>
         <file>crc.obj</file>
         <name>crc.obj</name>
      </input_file>
      <input_file id="fl-b">
         <path>.\driverlib\MSP430FR5xx_6xx\</path>
         <kind>object</kind>
         <file>crc32.obj</file>
         <name>crc32.obj</name>
      </input_file>
      <input_file id="fl-c">
         <path>.\driverlib\MSP430FR5xx_6xx\</path>
         <kind>object</kind>
         <file>cs.obj</file>
         <name>cs.obj</name>
      </input_file>
      <input_file id="fl-d">
         <path>.\driverlib\MSP430FR5xx_6xx\</path>
         <kind>object</kind>
         <file>dma.obj</file>
         <name>dma.obj</name>
      </input_file>
      <input_file id="fl-e">
         <path>.\driverlib\MSP430FR5xx_6xx\</path>
         <kind>object</kind>
         <file>esi.obj</file>
         <name>esi.obj</name>
      </input_file>
      <input_file id="fl-f">
         <path>.\driverlib\MSP430FR5xx_6xx\</path>
         <kind>object</kind>
         <file>eusci_a_spi.obj</file>
         <name>eusci_a_spi.obj</name>
      </input_file>
      <input_file id="fl-10">
         <path>.\driverlib\MSP430FR5xx_6xx\</path>
         <kind>object</kind>
         <file>eusci_a_uart.obj</file>
         <name>eusci_a_uart.obj</name>
      </input_file>
      <input_file id="fl-11">
         <path>.\driverlib\MSP430FR5xx_6xx\</path>
         <kind>object</kind>
         <file>eusci_b_i2c.obj</file>
         <name>eusci_b_i2c.obj</name>
      </input_file>
      <input_file id="fl-12">
         <path>.\driverlib\MSP430FR5xx_6xx\</path>
         <kind>object</kind>
         <file>eusci_b_spi.obj</file>
         <name>eusci_b_spi.obj</name>
      </input_file>
      <input_file id="fl-13">
         <path>.\driverlib\MSP430FR5xx_6xx\</path>
         <kind>object</kind>
         <file>framctl.obj</file>
         <name>framctl.obj</name>
      </input_file>
      <input_file id="fl-14">
         <path>.\driverlib\MSP430FR5xx_6xx\</path>
         <kind>object</kind>
         <file>framctl_a.obj</file>
         <name>framctl_a.obj</name>
      </input_file>
      <input_file id="fl-15">
         <path>.\driverlib\MSP430FR5xx_6xx\</path>
         <kind>object</kind>
         <file>gpio.obj</file>
         <name>gpio.obj</name>
      </input_file>
      <input_file id="fl-16">
         <path>.\driverlib\MSP430FR5xx_6xx\</path>
         <kind>object</kind>
         <file>lcd_c.obj</file>
         <name>lcd_c.obj</name>
      </input_file>
      <input_file id="fl-17">
         <path>.\driverlib\MSP430FR5xx_6xx\</path>
         <kind>object</kind>
         <file>mpu.obj</file>
         <name>mpu.obj</name>
      </input_file>
      <input_file id="fl-18">
         <path>.\driverlib\MSP430FR5xx_6xx\</path>
         <kind>object</kind>
         <file>mpy32.obj</file>
         <name>mpy32.obj</name>
      </input_file>
      <input_file id="fl-19">
         <path>.\driverlib\MSP430FR5xx_6xx\</path>
         <kind>object</kind>
         <file>pmm.obj</file>
         <name>pmm.obj</name>
      </input_file>
      <input_file id="fl-1a">
         <path>.\driverlib\MSP430FR5xx_6xx\</path>
         <kind>object</kind>
         <file>ram.obj</file>
         <name>ram.obj</name>
      </input_file>
      <input_file id="fl-1b">
         <path>.\driverlib\MSP430FR5xx_6xx\</path>
         <kind>object</kind>
         <file>ref_a.obj</file>
         <name>ref_a.obj</name>
      </input_file>
      <input_file id="fl-1c">
         <path>.\driverlib\MSP430FR5xx_6xx\</path>
         <kind>object</kind>
         <file>rtc_b.obj</file>
         <name>rtc_b.obj</name>
      </input_file>
      <input_file id="fl-1d">
         <path>.\driverlib\MSP430FR5xx_6xx\</path>
         <kind>object</kind>
         <file>rtc_c.obj</file>
         <name>rtc_c.obj</name>
      </input_file>
      <input_file id="fl-1e">
         <path>.\driverlib\MSP430FR5xx_6xx\</path>
         <kind>object</kind>
         <file>sfr.obj</file>
         <name>sfr.obj</name>
      </input_file>
      <input_file id="fl-1f">
         <path>.\driverlib\MSP430FR5xx_6xx\</path>
         <kind>object</kind>
         <file>sysctl.obj</file>
         <name>sysctl.obj</name>
      </input_file>
      <input_file id="fl-20">
         <path>.\driverlib\MSP430FR5xx_6xx\</path>
         <kind>object</kind>
         <file>timer_a.obj</file>
         <name>timer_a.obj</name>
      </input_file>
      <input_file id="fl-21">
         <path>.\driverlib\MSP430FR5xx_6xx\</path>
         <kind>object</kind>
         <file>timer_b.obj</file>
         <name>timer_b.obj</name>
      </input_file>
      <input_file id="fl-22">
         <path>.\driverlib\MSP430FR5xx_6xx\</path>
         <kind>object</kind>
         <file>tlv.obj</file>
         <name>tlv.obj</name>
      </input_file>
      <input_file id="fl-23">
         <path>.\driverlib\MSP430FR5xx_6xx\</path>
         <kind>object</kind>
         <file>wdt_a.obj</file>
         <name>wdt_a.obj</name>
      </input_file>
      <input_file id="fl-2a">
         <kind>object</kind>
         <file>&lt;internal&gt;</file>
         <name>&lt;internal&gt;</name>
      </input_file>
      <input_file id="fl-4a">
         <path>C:\ti\ccsv7\tools\compiler\ti-cgt-msp430_16.9.3.LTS\lib\</path>
         <kind>archive</kind>
         <file>rts430x_lc_ld_eabi.lib</file>
         <name>copy_decompress_lzss.obj</name>
      </input_file>
      <input_file id="fl-4b">
         <path>C:\ti\ccsv7\tools\compiler\ti-cgt-msp430_16.9.3.LTS\lib\</path>
         <kind>archive</kind>
         <file>rts430x_lc_ld_eabi.lib</file>
         <name>copy_decompress_none.obj</name>
      </input_file>
      <input_file id="fl-4c">
         <path>C:\ti\ccsv7\tools\compiler\ti-cgt-msp430_16.9.3.LTS\lib\</path>
         <kind>archive</kind>
         <file>rts430x_lc_ld_eabi.lib</file>
         <name>int18.obj</name>
      </input_file>
      <input_file id="fl-4d">
         <path>C:\ti\ccsv7\tools\compiler\ti-cgt-msp430_16.9.3.LTS\lib\</path>
         <kind>archive</kind>
         <file>rts430x_lc_ld_eabi.lib</file>
         <name>isr_trap.obj</name>
      </input_file>
      <input_file id="fl-4e">
         <path>C:\ti\ccsv7\tools\compiler\ti-cgt-msp430_16.9.3.LTS\lib\</path>
         <kind>archive</kind>
         <file>rts430x_lc_ld_eabi.lib</file>
         <name>int20.obj</name>
      </input_file>
      <input_file id="fl-4f">
         <path>C:\ti\ccsv7\tools\compiler\ti-cgt-msp430_16.9.3.LTS\lib\</path>
         <kind>archive</kind>
         <file>rts430x_lc_ld_eabi.lib</file>
         <name>int21.obj</name>
      </input_file>
      <input_file id="fl-50">
         <path>C:\ti\ccsv7\tools\compiler\ti-cgt-msp430_16.9.3.LTS\lib\</path>
         <kind>archive</kind>
         <file>rts430x_lc_ld_eabi.lib</file>
         <name>int22.obj</name>
      </input_file>
      <input_file id="fl-51">
         <path>C:\ti\ccsv7\tools\compiler\ti-cgt-msp430_16.9.3.LTS\lib\</path>
         <kind>archive</kind>
         <file>rts430x_lc_ld_eabi.lib</file>
         <name>int23.obj</name>
      </input_file>
      <input_file id="fl-52">
         <path>C:\ti\ccsv7\tools\compiler\ti-cgt-msp430_16.9.3.LTS\lib\</path>
         <kind>archive</kind>
         <file>rts430x_lc_ld_eabi.lib</file>
         <name>int24.obj</name>
      </input_file>
      <input_file id="fl-53">
         <path>C:\ti\ccsv7\tools\compiler\ti-cgt-msp430_16.9.3.LTS\lib\</path>
         <kind>archive</kind>
         <file>rts430x_lc_ld_eabi.lib</file>
         <name>int25.obj</name>
      </input_file>
      <input_file id="fl-54">
         <path>C:\ti\ccsv7\tools\compiler\ti-cgt-msp430_16.9.3.LTS\lib\</path>
         <kind>archive</kind>
         <file>rts430x_lc_ld_eabi.lib</file>
         <name>int26.obj</name>
      </input_file>
      <input_file id="fl-55">
         <path>C:\ti\ccsv7\tools\compiler\ti-cgt-msp430_16.9.3.LTS\lib\</path>
         <kind>archive</kind>
         <file>rts430x_lc_ld_eabi.lib</file>
         <name>int27.obj</name>
      </input_file>
      <input_file id="fl-56">
         <path>C:\ti\ccsv7\tools\compiler\ti-cgt-msp430_16.9.3.LTS\lib\</path>
         <kind>archive</kind>
         <file>rts430x_lc_ld_eabi.lib</file>
         <name>int28.obj</name>
      </input_file>
      <input_file id="fl-57">
         <path>C:\ti\ccsv7\tools\compiler\ti-cgt-msp430_16.9.3.LTS\lib\</path>
         <kind>archive</kind>
         <file>rts430x_lc_ld_eabi.lib</file>
         <name>int29.obj</name>
      </input_file>
      <input_file id="fl-58">
         <path>C:\ti\ccsv7\tools\compiler\ti-cgt-msp430_16.9.3.LTS\lib\</path>
         <kind>archive</kind>
         <file>rts430x_lc_ld_eabi.lib</file>
         <name>int30.obj</name>
      </input_file>
      <input_file id="fl-59">
         <path>C:\ti\ccsv7\tools\compiler\ti-cgt-msp430_16.9.3.LTS\lib\</path>
         <kind>archive</kind>
         <file>rts430x_lc_ld_eabi.lib</file>
         <name>int31.obj</name>
      </input_file>
      <input_file id="fl-5a">
         <path>C:\ti\ccsv7\tools\compiler\ti-cgt-msp430_16.9.3.LTS\lib\</path>
         <kind>archive</kind>
         <file>rts430x_lc_ld_eabi.lib</file>
         <name>int33.obj</name>
      </input_file>
      <input_file id="fl-5b">
         <path>C:\ti\ccsv7\tools\compiler\ti-cgt-msp430_16.9.3.LTS\lib\</path>
         <kind>archive</kind>
         <file>rts430x_lc_ld_eabi.lib</file>
         <name>int34.obj</name>
      </input_file>
      <input_file id="fl-5c">
         <path>C:\ti\ccsv7\tools\compiler\ti-cgt-msp430_16.9.3.LTS\lib\</path>
         <kind>archive</kind>
         <file>rts430x_lc_ld_eabi.lib</file>
         <name>int35.obj</name>
      </input_file>
      <input_file id="fl-5d">
         <path>C:\ti\ccsv7\tools\compiler\ti-cgt-msp430_16.9.3.LTS\lib\</path>
         <kind>archive</kind>
         <file>rts430x_lc_ld_eabi.lib</file>
         <name>int36.obj</name>
      </input_file>
      <input_file id="fl-5e">
         <path>C:\ti\ccsv7\tools\compiler\ti-cgt-msp430_16.9.3.LTS\lib\</path>
         <kind>archive</kind>
         <file>rts430x_lc_ld_eabi.lib</file>
         <name>int37.obj</name>
      </input_file>
      <input_file id="fl-5f">
         <path>C:\ti\ccsv7\tools\compiler\ti-cgt-msp430_16.9.3.LTS\lib\</path>
         <kind>archive</kind>
         <file>rts430x_lc_ld_eabi.lib</file>
         <name>int38.obj</name>
      </input_file>
      <input_file id="fl-60">
         <path>C:\ti\ccsv7\tools\compiler\ti-cgt-msp430_16.9.3.LTS\lib\</path>
         <kind>archive</kind>
         <file>rts430x_lc_ld_eabi.lib</file>
         <name>int39.obj</name>
      </input_file>
      <input_file id="fl-61">
         <path>C:\ti\ccsv7\tools\compiler\ti-cgt-msp430_16.9.3.LTS\lib\</path>
         <kind>archive</kind>
         <file>rts430x_lc_ld_eabi.lib</file>
         <name>int40.obj</name>
      </input_file>
      <input_file id="fl-62">
         <path>C:\ti\ccsv7\tools\compiler\ti-cgt-msp430_16.9.3.LTS\lib\</path>
         <kind>archive</kind>
         <file>rts430x_lc_ld_eabi.lib</file>
         <name>int41.obj</name>
      </input_file>
      <input_file id="fl-63">
         <path>C:\ti\ccsv7\tools\compiler\ti-cgt-msp430_16.9.3.LTS\lib\</path>
         <kind>archive</kind>
         <file>rts430x_lc_ld_eabi.lib</file>
         <name>int43.obj</name>
      </input_file>
      <input_file id="fl-64">
         <path>C:\ti\ccsv7\tools\compiler\ti-cgt-msp430_16.9.3.LTS\lib\</path>
         <kind>archive</kind>
         <file>rts430x_lc_ld_eabi.lib</file>
         <name>int44.obj</name>
      </input_file>
      <input_file id="fl-65">
         <path>C:\ti\ccsv7\tools\compiler\ti-cgt-msp430_16.9.3.LTS\lib\</path>
         <kind>archive</kind>
         <file>rts430x_lc_ld_eabi.lib</file>
         <name>int45.obj</name>
      </input_file>
      <input_file id="fl-66">
         <path>C:\ti\ccsv7\tools\compiler\ti-cgt-msp430_16.9.3.LTS\lib\</path>
         <kind>archive</kind>
         <file>rts430x_lc_ld_eabi.lib</file>
         <name>int46.obj</name>
      </input_file>
      <input_file id="fl-67">
         <path>C:\ti\ccsv7\tools\compiler\ti-cgt-msp430_16.9.3.LTS\lib\</path>
         <kind>archive</kind>
         <file>rts430x_lc_ld_eabi.lib</file>
         <name>int47.obj</name>
      </input_file>
      <input_file id="fl-68">
         <path>C:\ti\ccsv7\tools\compiler\ti-cgt-msp430_16.9.3.LTS\lib\</path>
         <kind>archive</kind>
         <file>rts430x_lc_ld_eabi.lib</file>
         <name>int48.obj</name>
      </input_file>
      <input_file id="fl-69">
         <path>C:\ti\ccsv7\tools\compiler\ti-cgt-msp430_16.9.3.LTS\lib\</path>
         <kind>archive</kind>
         <file>rts430x_lc_ld_eabi.lib</file>
         <name>int49.obj</name>
      </input_file>
      <input_file id="fl-6a">
         <path>C:\ti\ccsv7\tools\compiler\ti-cgt-msp430_16.9.3.LTS\lib\</path>
         <kind>archive</kind>
         <file>rts430x_lc_ld_eabi.lib</file>
         <name>int50.obj</name>
      </input_file>
      <input_file id="fl-6b">
         <path>C:\ti\ccsv7\tools\compiler\ti-cgt-msp430_16.9.3.LTS\lib\</path>
         <kind>archive</kind>
         <file>rts430x_lc_ld_eabi.lib</file>
         <name>int51.obj</name>
      </input_file>
      <input_file id="fl-6c">
         <path>C:\ti\ccsv7\tools\compiler\ti-cgt-msp430_16.9.3.LTS\lib\</path>
         <kind>archive</kind>
         <file>rts430x_lc_ld_eabi.lib</file>
         <name>int52.obj</name>
      </input_file>
      <input_file id="fl-6d">
         <path>C:\ti\ccsv7\tools\compiler\ti-cgt-msp430_16.9.3.LTS\lib\</path>
         <kind>archive</kind>
         <file>rts430x_lc_ld_eabi.lib</file>
         <name>int53.obj</name>
      </input_file>
      <input_file id="fl-6e">
         <path>C:\ti\ccsv7\tools\compiler\ti-cgt-msp430_16.9.3.LTS\lib\</path>
         <kind>archive</kind>
         <file>rts430x_lc_ld_eabi.lib</file>
         <name>int54.obj</name>
      </input_file>
      <input_file id="fl-6f">
         <path>C:\ti\ccsv7\tools\compiler\ti-cgt-msp430_16.9.3.LTS\lib\</path>
         <kind>archive</kind>
         <file>rts430x_lc_ld_eabi.lib</file>
         <name>copy_zero_init.obj</name>
      </input_file>
      <input_file id="fl-70">
         <path>C:\ti\ccsv7\tools\compiler\ti-cgt-msp430_16.9.3.LTS\lib\</path>
         <kind>archive</kind>
         <file>rts430x_lc_ld_eabi.lib</file>
         <name>div16s.obj</name>
      </input_file>
      <input_file id="fl-71">
         <path>C:\ti\ccsv7\tools\compiler\ti-cgt-msp430_16.9.3.LTS\lib\</path>
         <kind>archive</kind>
         <file>rts430x_lc_ld_eabi.lib</file>
         <name>div32s.obj</name>
      </input_file>
      <input_file id="fl-72">
         <path>C:\ti\ccsv7\tools\compiler\ti-cgt-msp430_16.9.3.LTS\lib\</path>
         <kind>archive</kind>
         <file>rts430x_lc_ld_eabi.lib</file>
         <name>div16u.obj</name>
      </input_file>
      <input_file id="fl-73">
         <path>C:\ti\ccsv7\tools\compiler\ti-cgt-msp430_16.9.3.LTS\lib\</path>
         <kind>archive</kind>
         <file>rts430x_lc_ld_eabi.lib</file>
         <name>div32u.obj</name>
      </input_file>
      <input_file id="fl-74">
         <path>C:\ti\ccsv7\tools\compiler\ti-cgt-msp430_16.9.3.LTS\lib\</path>
         <kind>archive</kind>
         <file>rts430x_lc_ld_eabi.lib</file>
         <name>mult16.obj</name>
      </input_file>
      <input_file id="fl-75">
         <path>C:\ti\ccsv7\tools\compiler\ti-cgt-msp430_16.9.3.LTS\lib\</path>
         <kind>archive</kind>
         <file>rts430x_lc_ld_eabi.lib</file>
         <name>mult16_f5hw.obj</name>
      </input_file>
      <input_file id="fl-76">
         <path>C:\ti\ccsv7\tools\compiler\ti-cgt-msp430_16.9.3.LTS\lib\</path>
         <kind>archive</kind>
         <file>rts430x_lc_ld_eabi.lib</file>
         <name>mult32.obj</name>
      </input_file>
      <input_file id="fl-77">
         <path>C:\ti\ccsv7\tools\compiler\ti-cgt-msp430_16.9.3.LTS\lib\</path>
         <kind>archive</kind>
         <file>rts430x_lc_ld_eabi.lib</file>
         <name>mult32_f5hw.obj</name>
      </input_file>
      <input_file id="fl-78">
         <path>C:\ti\ccsv7\tools\compiler\ti-cgt-msp430_16.9.3.LTS\lib\</path>
         <kind>archive</kind>
         <file>rts430x_lc_ld_eabi.lib</file>
         <name>mult64_f5hw.obj</name>
      </input_file>
      <input_file id="fl-79">
         <path>C:\ti\ccsv7\tools\compiler\ti-cgt-msp430_16.9.3.LTS\lib\</path>
         <kind>archive</kind>
         <file>rts430x_lc_ld_eabi.lib</file>
         <name>mult1632_f5hw.obj</name>
      </input_file>
      <input_file id="fl-7a">
         <path>C:\ti\ccsv7\tools\compiler\ti-cgt-msp430_16.9.3.LTS\lib\</path>
         <kind>archive</kind>
         <file>rts430x_lc_ld_eabi.lib</file>
         <name>mult3264_f5hw.obj</name>
      </input_file>
      <input_file id="fl-7b">
         <path>C:\ti\ccsv7\tools\compiler\ti-cgt-msp430_16.9.3.LTS\lib\</path>
         <kind>archive</kind>
         <file>rts430x_lc_ld_eabi.lib</file>
         <name>lsl16.obj</name>
      </input_file>
      <input_file id="fl-7c">
         <path>C:\ti\ccsv7\tools\compiler\ti-cgt-msp430_16.9.3.LTS\lib\</path>
         <kind>archive</kind>
         <file>rts430x_lc_ld_eabi.lib</file>
         <name>lsl32.obj</name>
      </input_file>
      <input_file id="fl-7d">
         <path>C:\ti\ccsv7\tools\compiler\ti-cgt-msp430_16.9.3.LTS\lib\</path>
         <kind>archive</kind>
         <file>rts430x_lc_ld_eabi.lib</file>
         <name>asr16.obj</name>
      </input_file>
      <input_file id="fl-7e">
         <path>C:\ti\ccsv7\tools\compiler\ti-cgt-msp430_16.9.3.LTS\lib\</path>
         <kind>archive</kind>
         <file>rts430x_lc_ld_eabi.lib</file>
         <name>lsr32.obj</name>
      </input_file>
      <input_file id="fl-7f">
         <path>C:\ti\ccsv7\tools\compiler\ti-cgt-msp430_16.9.3.LTS\lib\</path>
         <kind>archive</kind>
         <file>rts430x_lc_ld_eabi.lib</file>
         <name>boot.obj</name>
      </input_file>
      <input_file id="fl-80">
         <path>C:\ti\ccsv7\tools\compiler\ti-cgt-msp430_16.9.3.LTS\lib\</path>
         <kind>archive</kind>
         <file>rts430x_lc_ld_eabi.lib</file>
         <name>args_main.obj</name>
      </input_file>
      <input_file id="fl-81">
         <path>C:\ti\ccsv7\tools\compiler\ti-cgt-msp430_16.9.3.LTS\lib\</path>
         <kind>archive</kind>
         <file>rts430x_lc_ld_eabi.lib</file>
         <name>autoinit_wdt.obj</name>
      </input_file>
      <input_file id="fl-82">
         <path>C:\ti\ccsv7\tools\compiler\ti-cgt-msp430_16.9.3.LTS\lib\</path>
         <kind>archive</kind>
         <file>rts430x_lc_ld_eabi.lib</file>
         <name>asr32.obj</name>
      </input_file>
      <input_file id="fl-83">
         <path>C:\ti\ccsv7\tools\compiler\ti-cgt-msp430_16.9.3.LTS\lib\</path>
         <kind>archive</kind>
         <file>rts430x_lc_ld_eabi.lib</file>
         <name>boot_special.obj</name>
      </input_file>
      <input_file id="fl-84">
         <path>C:\ti\ccsv7\ccs_base\msp430\lib\FR59xx\</path>
         <kind>archive</kind>
         <file>MSPMPU_INIT_LIB_CCS_msp430_large_code_large_data.lib</file>
         <name>mpu_init.o</name>
      </input_file>
      <input_file id="fl-85">
         <path>C:\ti\ccsv7\tools\compiler\ti-cgt-msp430_16.9.3.LTS\lib\</path>
         <kind>archive</kind>
         <file>rts430x_lc_ld_eabi.lib</file>
         <name>startup.obj</name>
      </input_file>
      <input_file id="fl-86">
         <path>C:\ti\ccsv7\tools\compiler\ti-cgt-msp430_16.9.3.LTS\lib\</path>
         <kind>archive</kind>
         <file>rts430x_lc_ld_eabi.lib</file>
         <name>pre_init.obj</name>
      </input_file>
      <input_file id="fl-87">
         <path>C:\ti\ccsv7\tools\compiler\ti-cgt-msp430_16.9.3.LTS\lib\</path>
         <kind>archive</kind>
         <file>rts430x_lc_ld_eabi.lib</file>
         <name>exit.obj</name>
      </input_file>
      <input_file id="fl-88">
         <path>C:\ti\ccsv7\tools\compiler\ti-cgt-msp430_16.9.3.LTS\lib\</path>
         <kind>archive</kind>
         <file>rts430x_lc_ld_eabi.lib</file>
         <name>exit_gvars.obj</name>
      </input_file>
      <input_file id="fl-89">
         <path>C:\ti\ccsv7\tools\compiler\ti-cgt-msp430_16.9.3.LTS\lib\</path>
         <kind>archive</kind>
         <file>rts430x_lc_ld_eabi.lib</file>
         <name>_lock.obj</name>
      </input_file>
      <input_file id="fl-8a">
         <path>C:\ti\ccsv7\tools\compiler\ti-cgt-msp430_16.9.3.LTS\lib\</path>
         <kind>archive</kind>
         <file>rts430x_lc_ld_eabi.lib</file>
         <name>cpy_tbl.obj</name>
      </input_file>
      <input_file id="fl-8b">
         <path>C:\ti\ccsv7\tools\compiler\ti-cgt-msp430_16.9.3.LTS\lib\</path>
         <kind>archive</kind>
         <file>rts430x_lc_ld_eabi.lib</file>
         <name>memcpy.obj</name>
      </input_file>
      <input_file id="fl-8c">
         <path>C:\ti\ccsv7\tools\compiler\ti-cgt-msp430_16.9.3.LTS\lib\</path>
         <kind>archive</kind>
         <file>rts430x_lc_ld_eabi.lib</file>
         <name>strcat.obj</name>
      </input_file>
   </input_file_list>
   <object_component_list>
      <object_component id="oc-761">
         <name>.TI.persistent:img_buffer</name>
         <load_address>0x10000</load_address>
         <run_address>0x10000</run_address>
         <size>0x26d70</size>
         <input_file_ref idref="fl-2"/>
      </object_component>
      <object_component id="oc-9f8">
         <name>__TI_handler_table</name>
         <load_address>0x4180</load_address>
         <run_address>0x4180</run_address>
         <size>0xc</size>
      </object_component>
      <object_component id="oc-9fb">
         <name>.cinit..data.load</name>
         <load_address>0x418c</load_address>
         <run_address>0x418c</run_address>
         <size>0x9</size>
      </object_component>
      <object_component id="oc-9fa">
         <name>.cinit..bss.load</name>
         <load_address>0x4196</load_address>
         <run_address>0x4196</run_address>
         <size>0x6</size>
      </object_component>
      <object_component id="oc-9f9">
         <name>__TI_cinit_table</name>
         <load_address>0x419c</load_address>
         <run_address>0x419c</run_address>
         <size>0x10</size>
      </object_component>
      <object_component id="oc-98f">
         <name>.binit</name>
         <load_address>0x4000</load_address>
         <run_address>0x4000</run_address>
         <size>0x0</size>
      </object_component>
      <object_component id="oc-703">
         <name>.text:_isr:DMA_ISR</name>
         <load_address>0x4000</load_address>
         <run_address>0x4000</run_address>
         <size>0x66</size>
         <input_file_ref idref="fl-2"/>
      </object_component>
      <object_component id="oc-6f7">
         <name>.text:_isr:PORT8_ISR</name>
         <load_address>0x4066</load_address>
         <run_address>0x4066</run_address>
         <size>0x60</size>
         <input_file_ref idref="fl-2"/>
      </object_component>
      <object_component id="oc-6fd">
         <name>.text:_isr:PORT4_ISR</name>
         <load_address>0x40c6</load_address>
         <run_address>0x40c6</run_address>
         <size>0x3a</size>
         <input_file_ref idref="fl-2"/>
      </object_component>
      <object_component id="oc-d3">
         <name>.text:_isr:_c_int00_noargs_noexit</name>
         <load_address>0x4100</load_address>
         <run_address>0x4100</run_address>
         <size>0x1a</size>
         <input_file_ref idref="fl-83"/>
      </object_component>
      <object_component id="oc-6f2">
         <name>.text:_isr:__TI_ISR_TRAP</name>
         <load_address>0x411a</load_address>
         <run_address>0x411a</run_address>
         <size>0x8</size>
         <input_file_ref idref="fl-4d"/>
      </object_component>
      <object_component id="oc-94c">
         <name>.const:GPIO_PORT_TO_BASE</name>
         <load_address>0x4122</load_address>
         <run_address>0x4122</run_address>
         <size>0x1c</size>
         <input_file_ref idref="fl-15"/>
      </object_component>
      <object_component id="oc-888">
         <name>.const:$P$T0$1</name>
         <load_address>0x413e</load_address>
         <run_address>0x413e</run_address>
         <size>0x12</size>
         <input_file_ref idref="fl-2"/>
      </object_component>
      <object_component id="oc-8d5">
         <name>.const:$P$T2$3</name>
         <load_address>0x4150</load_address>
         <run_address>0x4150</run_address>
         <size>0x10</size>
         <input_file_ref idref="fl-2"/>
      </object_component>
      <object_component id="oc-8b1">
         <name>.const:$P$T1$2</name>
         <load_address>0x4160</load_address>
         <run_address>0x4160</run_address>
         <size>0xc</size>
         <input_file_ref idref="fl-2"/>
      </object_component>
      <object_component id="oc-8f5">
         <name>.const:$P$T3$4</name>
         <load_address>0x416c</load_address>
         <run_address>0x416c</run_address>
         <size>0xa</size>
         <input_file_ref idref="fl-2"/>
      </object_component>
      <object_component id="oc-8eb">
         <name>.const:$P$T4$5</name>
         <load_address>0x4176</load_address>
         <run_address>0x4176</run_address>
         <size>0xa</size>
         <input_file_ref idref="fl-2"/>
      </object_component>
      <object_component id="oc-730">
         <name>.text:main</name>
         <load_address>0x36d70</load_address>
         <run_address>0x36d70</run_address>
         <size>0x1dc</size>
         <input_file_ref idref="fl-2"/>
      </object_component>
      <object_component id="oc-911">
         <name>.text:privateCSAComputeCLKFrequency</name>
         <load_address>0x36f4c</load_address>
         <run_address>0x36f4c</run_address>
         <size>0xde</size>
         <input_file_ref idref="fl-c"/>
      </object_component>
      <object_component id="oc-963">
         <name>.text:privateCSASourceClockFromDCO</name>
         <load_address>0x3702a</load_address>
         <run_address>0x3702a</run_address>
         <size>0xce</size>
         <input_file_ref idref="fl-c"/>
      </object_component>
      <object_component id="oc-716">
         <name>.text:_auto_init_hold_wdt</name>
         <load_address>0x370f8</load_address>
         <run_address>0x370f8</run_address>
         <size>0xa8</size>
         <input_file_ref idref="fl-81"/>
      </object_component>
      <object_component id="oc-7df">
         <name>.text:config_camera_lores</name>
         <load_address>0x371a0</load_address>
         <run_address>0x371a0</run_address>
         <size>0xa4</size>
         <input_file_ref idref="fl-2"/>
      </object_component>
      <object_component id="oc-8d8">
         <name>.text:EUSCI_A_UART_init</name>
         <load_address>0x37244</load_address>
         <run_address>0x37244</run_address>
         <size>0x9e</size>
         <input_file_ref idref="fl-10"/>
      </object_component>
      <object_component id="oc-7e5">
         <name>.text:config_camera_hires</name>
         <load_address>0x372e2</load_address>
         <run_address>0x372e2</run_address>
         <size>0x9e</size>
         <input_file_ref idref="fl-2"/>
      </object_component>
      <object_component id="oc-84">
         <name>.text:decompress:lzss:__TI_decompress_lzss</name>
         <load_address>0x37380</load_address>
         <run_address>0x37380</run_address>
         <size>0x76</size>
         <input_file_ref idref="fl-4a"/>
      </object_component>
      <object_component id="oc-7eb">
         <name>.text:init_uart</name>
         <load_address>0x373f6</load_address>
         <run_address>0x373f6</run_address>
         <size>0x76</size>
         <input_file_ref idref="fl-2"/>
      </object_component>
      <object_component id="oc-795">
         <name>.text:copy_in</name>
         <load_address>0x3746c</load_address>
         <run_address>0x3746c</run_address>
         <size>0x72</size>
         <input_file_ref idref="fl-8a"/>
      </object_component>
      <object_component id="oc-8c9">
         <name>.text:GPIO_setAsPeripheralModuleFunctionInputPin</name>
         <load_address>0x374de</load_address>
         <run_address>0x374de</run_address>
         <size>0x6c</size>
         <input_file_ref idref="fl-15"/>
      </object_component>
      <object_component id="oc-8ee">
         <name>.text:DMA_init</name>
         <load_address>0x3754a</load_address>
         <run_address>0x3754a</run_address>
         <size>0x62</size>
         <input_file_ref idref="fl-d"/>
      </object_component>
      <object_component id="oc-8b4">
         <name>.text:EUSCI_B_I2C_initMaster</name>
         <load_address>0x375ac</load_address>
         <run_address>0x375ac</run_address>
         <size>0x5c</size>
         <input_file_ref idref="fl-11"/>
      </object_component>
      <object_component id="oc-7cd">
         <name>.text:dac_init</name>
         <load_address>0x37608</load_address>
         <run_address>0x37608</run_address>
         <size>0x5c</size>
         <input_file_ref idref="fl-2"/>
      </object_component>
      <object_component id="oc-918">
         <name>.text</name>
         <load_address>0x37664</load_address>
         <run_address>0x37664</run_address>
         <size>0x58</size>
         <input_file_ref idref="fl-73"/>
      </object_component>
      <object_component id="oc-891">
         <name>.text:EUSCI_B_SPI_initMaster</name>
         <load_address>0x376bc</load_address>
         <run_address>0x376bc</run_address>
         <size>0x56</size>
         <input_file_ref idref="fl-12"/>
      </object_component>
      <object_component id="oc-8c1">
         <name>.text:write_camera</name>
         <load_address>0x37712</load_address>
         <run_address>0x37712</run_address>
         <size>0x56</size>
         <input_file_ref idref="fl-2"/>
      </object_component>
      <object_component id="oc-7d9">
         <name>.text:i2c_init</name>
         <load_address>0x37768</load_address>
         <run_address>0x37768</run_address>
         <size>0x54</size>
         <input_file_ref idref="fl-2"/>
      </object_component>
      <object_component id="oc-7d3">
         <name>.text:dac_write</name>
         <load_address>0x377bc</load_address>
         <run_address>0x377bc</run_address>
         <size>0x52</size>
         <input_file_ref idref="fl-2"/>
      </object_component>
      <object_component id="oc-803">
         <name>.text:EUSCI_A_UART_transmitBreak</name>
         <load_address>0x3780e</load_address>
         <run_address>0x3780e</run_address>
         <size>0x42</size>
         <input_file_ref idref="fl-10"/>
      </object_component>
      <object_component id="oc-969">
         <name>.text</name>
         <load_address>0x37850</load_address>
         <run_address>0x37850</run_address>
         <size>0x40</size>
         <input_file_ref idref="fl-71"/>
      </object_component>
      <object_component id="oc-79b">
         <name>.text:l_asr_const</name>
         <load_address>0x37890</load_address>
         <run_address>0x37890</run_address>
         <size>0x3e</size>
         <input_file_ref idref="fl-82"/>
      </object_component>
      <object_component id="oc-939">
         <name>.text:EUSCI_B_I2C_masterSendMultiByteStart</name>
         <load_address>0x378ce</load_address>
         <run_address>0x378ce</run_address>
         <size>0x36</size>
         <input_file_ref idref="fl-11"/>
      </object_component>
      <object_component id="oc-945">
         <name>.text:EUSCI_B_I2C_masterSendMultiByteFinish</name>
         <load_address>0x37904</load_address>
         <run_address>0x37904</run_address>
         <size>0x32</size>
         <input_file_ref idref="fl-11"/>
      </object_component>
      <object_component id="oc-96e">
         <name>.text</name>
         <load_address>0x37936</load_address>
         <run_address>0x37936</run_address>
         <size>0x2c</size>
         <input_file_ref idref="fl-70"/>
      </object_component>
      <object_component id="oc-6e5">
         <name>.text:memcpy</name>
         <load_address>0x37962</load_address>
         <run_address>0x37962</run_address>
         <size>0x2a</size>
         <input_file_ref idref="fl-8b"/>
      </object_component>
      <object_component id="oc-764">
         <name>.text:DMA_setDstAddress</name>
         <load_address>0x3798c</load_address>
         <run_address>0x3798c</run_address>
         <size>0x28</size>
         <input_file_ref idref="fl-d"/>
      </object_component>
      <object_component id="oc-75b">
         <name>.text:DMA_setSrcAddress</name>
         <load_address>0x379b4</load_address>
         <run_address>0x379b4</run_address>
         <size>0x26</size>
         <input_file_ref idref="fl-d"/>
      </object_component>
      <object_component id="oc-7f7">
         <name>.text:config_dma_hires</name>
         <load_address>0x379da</load_address>
         <run_address>0x379da</run_address>
         <size>0x26</size>
         <input_file_ref idref="fl-2"/>
      </object_component>
      <object_component id="oc-7f1">
         <name>.text:config_dma_lores</name>
         <load_address>0x37a00</load_address>
         <run_address>0x37a00</run_address>
         <size>0x26</size>
         <input_file_ref idref="fl-2"/>
      </object_component>
      <object_component id="oc-b5">
         <name>.text:decompress:ZI:__TI_zero_init</name>
         <load_address>0x37a26</load_address>
         <run_address>0x37a26</run_address>
         <size>0x24</size>
         <input_file_ref idref="fl-6f"/>
      </object_component>
      <object_component id="oc-84f">
         <name>.text</name>
         <load_address>0x37a4a</load_address>
         <run_address>0x37a4a</run_address>
         <size>0x24</size>
         <input_file_ref idref="fl-77"/>
      </object_component>
      <object_component id="oc-7fd">
         <name>.text:EUSCI_A_UART_transmitData</name>
         <load_address>0x37a6e</load_address>
         <run_address>0x37a6e</run_address>
         <size>0x22</size>
         <input_file_ref idref="fl-10"/>
      </object_component>
      <object_component id="oc-93f">
         <name>.text:EUSCI_B_I2C_masterSendMultiByteNext</name>
         <load_address>0x37a90</load_address>
         <run_address>0x37a90</run_address>
         <size>0x22</size>
         <input_file_ref idref="fl-11"/>
      </object_component>
      <object_component id="oc-88b">
         <name>.text:CS_getSMCLK</name>
         <load_address>0x37ab2</load_address>
         <run_address>0x37ab2</run_address>
         <size>0x18</size>
         <input_file_ref idref="fl-c"/>
      </object_component>
      <object_component id="oc-7c1">
         <name>.text:WDT_A_hold</name>
         <load_address>0x37aca</load_address>
         <run_address>0x37aca</run_address>
         <size>0x16</size>
         <input_file_ref idref="fl-23"/>
      </object_component>
      <object_component id="oc-8a">
         <name>.text:decompress:none:__TI_decompress_none</name>
         <load_address>0x37ae0</load_address>
         <run_address>0x37ae0</run_address>
         <size>0x16</size>
         <input_file_ref idref="fl-4b"/>
      </object_component>
      <object_component id="oc-986">
         <name>.text</name>
         <load_address>0x37af6</load_address>
         <run_address>0x37af6</run_address>
         <size>0x16</size>
         <input_file_ref idref="fl-72"/>
      </object_component>
      <object_component id="oc-77e">
         <name>.text:DMA_disableTransfers</name>
         <load_address>0x37b0c</load_address>
         <run_address>0x37b0c</run_address>
         <size>0x10</size>
         <input_file_ref idref="fl-d"/>
      </object_component>
      <object_component id="oc-76a">
         <name>.text:DMA_enableTransfers</name>
         <load_address>0x37b1c</load_address>
         <run_address>0x37b1c</run_address>
         <size>0x10</size>
         <input_file_ref idref="fl-d"/>
      </object_component>
      <object_component id="oc-92d">
         <name>.text:EUSCI_B_I2C_setMode</name>
         <load_address>0x37b2c</load_address>
         <run_address>0x37b2c</run_address>
         <size>0x10</size>
         <input_file_ref idref="fl-11"/>
      </object_component>
      <object_component id="oc-78a">
         <name>.text:DMA_clearInterrupt</name>
         <load_address>0x37b3c</load_address>
         <run_address>0x37b3c</run_address>
         <size>0xe</size>
         <input_file_ref idref="fl-d"/>
      </object_component>
      <object_component id="oc-784">
         <name>.text:DMA_disableInterrupt</name>
         <load_address>0x37b4a</load_address>
         <run_address>0x37b4a</run_address>
         <size>0xe</size>
         <input_file_ref idref="fl-d"/>
      </object_component>
      <object_component id="oc-777">
         <name>.text:DMA_enableInterrupt</name>
         <load_address>0x37b58</load_address>
         <run_address>0x37b58</run_address>
         <size>0xe</size>
         <input_file_ref idref="fl-d"/>
      </object_component>
      <object_component id="oc-8e4">
         <name>.text:EUSCI_A_UART_clearInterrupt</name>
         <load_address>0x37b66</load_address>
         <run_address>0x37b66</run_address>
         <size>0xe</size>
         <input_file_ref idref="fl-10"/>
      </object_component>
      <object_component id="oc-927">
         <name>.text:EUSCI_B_I2C_isBusBusy</name>
         <load_address>0x37b74</load_address>
         <run_address>0x37b74</run_address>
         <size>0xc</size>
         <input_file_ref idref="fl-11"/>
      </object_component>
      <object_component id="oc-8ba">
         <name>.text:EUSCI_B_I2C_setSlaveAddress</name>
         <load_address>0x37b80</load_address>
         <run_address>0x37b80</run_address>
         <size>0xc</size>
         <input_file_ref idref="fl-11"/>
      </object_component>
      <object_component id="oc-8a4">
         <name>.text:EUSCI_B_SPI_transmitData</name>
         <load_address>0x37b8c</load_address>
         <run_address>0x37b8c</run_address>
         <size>0xc</size>
         <input_file_ref idref="fl-12"/>
      </object_component>
      <object_component id="oc-89e">
         <name>.text:EUSCI_B_SPI_isBusy</name>
         <load_address>0x37b98</load_address>
         <run_address>0x37b98</run_address>
         <size>0xa</size>
         <input_file_ref idref="fl-12"/>
      </object_component>
      <object_component id="oc-7c7">
         <name>.text:PMM_unlockLPM5</name>
         <load_address>0x37ba2</load_address>
         <run_address>0x37ba2</run_address>
         <size>0x8</size>
         <input_file_ref idref="fl-19"/>
      </object_component>
      <object_component id="oc-8cf">
         <name>.text:EUSCI_A_UART_disable</name>
         <load_address>0x37baa</load_address>
         <run_address>0x37baa</run_address>
         <size>0x6</size>
         <input_file_ref idref="fl-10"/>
      </object_component>
      <object_component id="oc-8de">
         <name>.text:EUSCI_A_UART_enable</name>
         <load_address>0x37bb0</load_address>
         <run_address>0x37bb0</run_address>
         <size>0x6</size>
         <input_file_ref idref="fl-10"/>
      </object_component>
      <object_component id="oc-8ab">
         <name>.text:EUSCI_B_I2C_disable</name>
         <load_address>0x37bb6</load_address>
         <run_address>0x37bb6</run_address>
         <size>0x6</size>
         <input_file_ref idref="fl-11"/>
      </object_component>
      <object_component id="oc-933">
         <name>.text:EUSCI_B_I2C_enable</name>
         <load_address>0x37bbc</load_address>
         <run_address>0x37bbc</run_address>
         <size>0x6</size>
         <input_file_ref idref="fl-11"/>
      </object_component>
      <object_component id="oc-882">
         <name>.text:EUSCI_B_SPI_disable</name>
         <load_address>0x37bc2</load_address>
         <run_address>0x37bc2</run_address>
         <size>0x6</size>
         <input_file_ref idref="fl-12"/>
      </object_component>
      <object_component id="oc-897">
         <name>.text:EUSCI_B_SPI_enable</name>
         <load_address>0x37bc8</load_address>
         <run_address>0x37bc8</run_address>
         <size>0x6</size>
         <input_file_ref idref="fl-12"/>
      </object_component>
      <object_component id="oc-738">
         <name>.text:abort</name>
         <load_address>0x37bce</load_address>
         <run_address>0x37bce</run_address>
         <size>0x6</size>
         <input_file_ref idref="fl-87"/>
      </object_component>
      <object_component id="oc-710">
         <name>.text:_system_pre_init</name>
         <load_address>0x37bd4</load_address>
         <run_address>0x37bd4</run_address>
         <size>0x4</size>
         <input_file_ref idref="fl-86"/>
      </object_component>
      <object_component id="oc-7a0">
         <name>.text:_system_post_cinit</name>
         <load_address>0x37bd8</load_address>
         <run_address>0x37bd8</run_address>
         <size>0x2</size>
         <input_file_ref idref="fl-85"/>
      </object_component>
      <object_component id="oc-773">
         <name>.common:dma_major_count</name>
         <uninitialized>true</uninitialized>
         <run_address>0x1c12</run_address>
         <size>0x2</size>
      </object_component>
      <object_component id="oc-776">
         <name>.common:dma_target_addr</name>
         <uninitialized>true</uninitialized>
         <run_address>0x1c0e</run_address>
         <size>0x4</size>
      </object_component>
      <object_component id="oc-770">
         <name>.data</name>
         <load_address>0x1c08</load_address>
         <run_address>0x1c08</run_address>
         <size>0x6</size>
         <input_file_ref idref="fl-2"/>
      </object_component>
      <object_component id="oc-960">
         <name>.data</name>
         <load_address>0x1c00</load_address>
         <run_address>0x1c00</run_address>
         <size>0x8</size>
         <input_file_ref idref="fl-c"/>
      </object_component>
      <object_component id="oc-6d6">
         <name>.stack</name>
         <uninitialized>true</uninitialized>
         <run_address>0x2b60</run_address>
         <size>0x4</size>
         <input_file_ref idref="fl-7f"/>
      </object_component>
      <object_component id="oc-9fc">
         <name>.stack</name>
         <uninitialized>true</uninitialized>
         <run_address>0x2b60</run_address>
         <size>0x0</size>
      </object_component>
      <object_component id="oc-90">
         <name>.int18</name>
         <load_address>0xffb4</load_address>
         <run_address>0xffb4</run_address>
         <size>0x2</size>
         <input_file_ref idref="fl-4c"/>
      </object_component>
      <object_component id="oc-91">
         <name>.int19</name>
         <load_address>0xffb6</load_address>
         <run_address>0xffb6</run_address>
         <size>0x2</size>
         <input_file_ref idref="fl-2"/>
      </object_component>
      <object_component id="oc-92">
         <name>.int20</name>
         <load_address>0xffb8</load_address>
         <run_address>0xffb8</run_address>
         <size>0x2</size>
         <input_file_ref idref="fl-4e"/>
      </object_component>
      <object_component id="oc-93">
         <name>.int21</name>
         <load_address>0xffba</load_address>
         <run_address>0xffba</run_address>
         <size>0x2</size>
         <input_file_ref idref="fl-4f"/>
      </object_component>
      <object_component id="oc-94">
         <name>.int22</name>
         <load_address>0xffbc</load_address>
         <run_address>0xffbc</run_address>
         <size>0x2</size>
         <input_file_ref idref="fl-50"/>
      </object_component>
      <object_component id="oc-95">
         <name>.int23</name>
         <load_address>0xffbe</load_address>
         <run_address>0xffbe</run_address>
         <size>0x2</size>
         <input_file_ref idref="fl-51"/>
      </object_component>
      <object_component id="oc-96">
         <name>.int24</name>
         <load_address>0xffc0</load_address>
         <run_address>0xffc0</run_address>
         <size>0x2</size>
         <input_file_ref idref="fl-52"/>
      </object_component>
      <object_component id="oc-97">
         <name>.int25</name>
         <load_address>0xffc2</load_address>
         <run_address>0xffc2</run_address>
         <size>0x2</size>
         <input_file_ref idref="fl-53"/>
      </object_component>
      <object_component id="oc-98">
         <name>.int26</name>
         <load_address>0xffc4</load_address>
         <run_address>0xffc4</run_address>
         <size>0x2</size>
         <input_file_ref idref="fl-54"/>
      </object_component>
      <object_component id="oc-99">
         <name>.int27</name>
         <load_address>0xffc6</load_address>
         <run_address>0xffc6</run_address>
         <size>0x2</size>
         <input_file_ref idref="fl-55"/>
      </object_component>
      <object_component id="oc-9a">
         <name>.int28</name>
         <load_address>0xffc8</load_address>
         <run_address>0xffc8</run_address>
         <size>0x2</size>
         <input_file_ref idref="fl-56"/>
      </object_component>
      <object_component id="oc-9b">
         <name>.int29</name>
         <load_address>0xffca</load_address>
         <run_address>0xffca</run_address>
         <size>0x2</size>
         <input_file_ref idref="fl-57"/>
      </object_component>
      <object_component id="oc-9c">
         <name>.int30</name>
         <load_address>0xffcc</load_address>
         <run_address>0xffcc</run_address>
         <size>0x2</size>
         <input_file_ref idref="fl-58"/>
      </object_component>
      <object_component id="oc-9d">
         <name>.int31</name>
         <load_address>0xffce</load_address>
         <run_address>0xffce</run_address>
         <size>0x2</size>
         <input_file_ref idref="fl-59"/>
      </object_component>
      <object_component id="oc-9e">
         <name>.int32</name>
         <load_address>0xffd0</load_address>
         <run_address>0xffd0</run_address>
         <size>0x2</size>
         <input_file_ref idref="fl-2"/>
      </object_component>
      <object_component id="oc-9f">
         <name>.int33</name>
         <load_address>0xffd2</load_address>
         <run_address>0xffd2</run_address>
         <size>0x2</size>
         <input_file_ref idref="fl-5a"/>
      </object_component>
      <object_component id="oc-a0">
         <name>.int34</name>
         <load_address>0xffd4</load_address>
         <run_address>0xffd4</run_address>
         <size>0x2</size>
         <input_file_ref idref="fl-5b"/>
      </object_component>
      <object_component id="oc-a1">
         <name>.int35</name>
         <load_address>0xffd6</load_address>
         <run_address>0xffd6</run_address>
         <size>0x2</size>
         <input_file_ref idref="fl-5c"/>
      </object_component>
      <object_component id="oc-a2">
         <name>.int36</name>
         <load_address>0xffd8</load_address>
         <run_address>0xffd8</run_address>
         <size>0x2</size>
         <input_file_ref idref="fl-5d"/>
      </object_component>
      <object_component id="oc-a3">
         <name>.int37</name>
         <load_address>0xffda</load_address>
         <run_address>0xffda</run_address>
         <size>0x2</size>
         <input_file_ref idref="fl-5e"/>
      </object_component>
      <object_component id="oc-a4">
         <name>.int38</name>
         <load_address>0xffdc</load_address>
         <run_address>0xffdc</run_address>
         <size>0x2</size>
         <input_file_ref idref="fl-5f"/>
      </object_component>
      <object_component id="oc-a5">
         <name>.int39</name>
         <load_address>0xffde</load_address>
         <run_address>0xffde</run_address>
         <size>0x2</size>
         <input_file_ref idref="fl-60"/>
      </object_component>
      <object_component id="oc-a6">
         <name>.int40</name>
         <load_address>0xffe0</load_address>
         <run_address>0xffe0</run_address>
         <size>0x2</size>
         <input_file_ref idref="fl-61"/>
      </object_component>
      <object_component id="oc-a7">
         <name>.int41</name>
         <load_address>0xffe2</load_address>
         <run_address>0xffe2</run_address>
         <size>0x2</size>
         <input_file_ref idref="fl-62"/>
      </object_component>
      <object_component id="oc-a8">
         <name>.int42</name>
         <load_address>0xffe4</load_address>
         <run_address>0xffe4</run_address>
         <size>0x2</size>
         <input_file_ref idref="fl-2"/>
      </object_component>
      <object_component id="oc-a9">
         <name>.int43</name>
         <load_address>0xffe6</load_address>
         <run_address>0xffe6</run_address>
         <size>0x2</size>
         <input_file_ref idref="fl-63"/>
      </object_component>
      <object_component id="oc-aa">
         <name>.int44</name>
         <load_address>0xffe8</load_address>
         <run_address>0xffe8</run_address>
         <size>0x2</size>
         <input_file_ref idref="fl-64"/>
      </object_component>
      <object_component id="oc-ab">
         <name>.int45</name>
         <load_address>0xffea</load_address>
         <run_address>0xffea</run_address>
         <size>0x2</size>
         <input_file_ref idref="fl-65"/>
      </object_component>
      <object_component id="oc-ac">
         <name>.int46</name>
         <load_address>0xffec</load_address>
         <run_address>0xffec</run_address>
         <size>0x2</size>
         <input_file_ref idref="fl-66"/>
      </object_component>
      <object_component id="oc-ad">
         <name>.int47</name>
         <load_address>0xffee</load_address>
         <run_address>0xffee</run_address>
         <size>0x2</size>
         <input_file_ref idref="fl-67"/>
      </object_component>
      <object_component id="oc-ae">
         <name>.int48</name>
         <load_address>0xfff0</load_address>
         <run_address>0xfff0</run_address>
         <size>0x2</size>
         <input_file_ref idref="fl-68"/>
      </object_component>
      <object_component id="oc-af">
         <name>.int49</name>
         <load_address>0xfff2</load_address>
         <run_address>0xfff2</run_address>
         <size>0x2</size>
         <input_file_ref idref="fl-69"/>
      </object_component>
      <object_component id="oc-b0">
         <name>.int50</name>
         <load_address>0xfff4</load_address>
         <run_address>0xfff4</run_address>
         <size>0x2</size>
         <input_file_ref idref="fl-6a"/>
      </object_component>
      <object_component id="oc-b1">
         <name>.int51</name>
         <load_address>0xfff6</load_address>
         <run_address>0xfff6</run_address>
         <size>0x2</size>
         <input_file_ref idref="fl-6b"/>
      </object_component>
      <object_component id="oc-b2">
         <name>.int52</name>
         <load_address>0xfff8</load_address>
         <run_address>0xfff8</run_address>
         <size>0x2</size>
         <input_file_ref idref="fl-6c"/>
      </object_component>
      <object_component id="oc-b3">
         <name>.int53</name>
         <load_address>0xfffa</load_address>
         <run_address>0xfffa</run_address>
         <size>0x2</size>
         <input_file_ref idref="fl-6d"/>
      </object_component>
      <object_component id="oc-b4">
         <name>.int54</name>
         <load_address>0xfffc</load_address>
         <run_address>0xfffc</run_address>
         <size>0x2</size>
         <input_file_ref idref="fl-6e"/>
      </object_component>
      <object_component id="oc-6d9">
         <name>.reset</name>
         <load_address>0xfffe</load_address>
         <run_address>0xfffe</run_address>
         <size>0x2</size>
         <input_file_ref idref="fl-7f"/>
      </object_component>
      <object_component id="oc-774">
         <name>.debug_info</name>
         <load_address>0x0</load_address>
         <run_address>0x0</run_address>
         <size>0xdb7</size>
         <input_file_ref idref="fl-2"/>
      </object_component>
      <object_component id="oc-762">
         <name>.debug_info</name>
         <load_address>0xdb7</load_address>
         <run_address>0xdb7</run_address>
         <size>0xe3</size>
         <input_file_ref idref="fl-2"/>
      </object_component>
      <object_component id="oc-771">
         <name>.debug_info</name>
         <load_address>0xe9a</load_address>
         <run_address>0xe9a</run_address>
         <size>0x15c</size>
         <input_file_ref idref="fl-2"/>
      </object_component>
      <object_component id="oc-889">
         <name>.debug_info</name>
         <load_address>0xff6</load_address>
         <run_address>0xff6</run_address>
         <size>0xdd</size>
         <input_file_ref idref="fl-2"/>
      </object_component>
      <object_component id="oc-8b2">
         <name>.debug_info</name>
         <load_address>0x10d3</load_address>
         <run_address>0x10d3</run_address>
         <size>0xdd</size>
         <input_file_ref idref="fl-2"/>
      </object_component>
      <object_component id="oc-8d6">
         <name>.debug_info</name>
         <load_address>0x11b0</load_address>
         <run_address>0x11b0</run_address>
         <size>0xdd</size>
         <input_file_ref idref="fl-2"/>
      </object_component>
      <object_component id="oc-8f6">
         <name>.debug_info</name>
         <load_address>0x128d</load_address>
         <run_address>0x128d</run_address>
         <size>0xdd</size>
         <input_file_ref idref="fl-2"/>
      </object_component>
      <object_component id="oc-8ec">
         <name>.debug_info</name>
         <load_address>0x136a</load_address>
         <run_address>0x136a</run_address>
         <size>0xdd</size>
         <input_file_ref idref="fl-2"/>
      </object_component>
      <object_component id="oc-8c2">
         <name>.debug_info</name>
         <load_address>0x1447</load_address>
         <run_address>0x1447</run_address>
         <size>0x24e</size>
         <input_file_ref idref="fl-2"/>
      </object_component>
      <object_component id="oc-7ce">
         <name>.debug_info</name>
         <load_address>0x1695</load_address>
         <run_address>0x1695</run_address>
         <size>0x19f</size>
         <input_file_ref idref="fl-2"/>
      </object_component>
      <object_component id="oc-7d4">
         <name>.debug_info</name>
         <load_address>0x1834</load_address>
         <run_address>0x1834</run_address>
         <size>0x1da</size>
         <input_file_ref idref="fl-2"/>
      </object_component>
      <object_component id="oc-7da">
         <name>.debug_info</name>
         <load_address>0x1a0e</load_address>
         <run_address>0x1a0e</run_address>
         <size>0x1a8</size>
         <input_file_ref idref="fl-2"/>
      </object_component>
      <object_component id="oc-7e0">
         <name>.debug_info</name>
         <load_address>0x1bb6</load_address>
         <run_address>0x1bb6</run_address>
         <size>0x1ba</size>
         <input_file_ref idref="fl-2"/>
      </object_component>
      <object_component id="oc-7e6">
         <name>.debug_info</name>
         <load_address>0x1d70</load_address>
         <run_address>0x1d70</run_address>
         <size>0x1ba</size>
         <input_file_ref idref="fl-2"/>
      </object_component>
      <object_component id="oc-7ec">
         <name>.debug_info</name>
         <load_address>0x1f2a</load_address>
         <run_address>0x1f2a</run_address>
         <size>0x1cf</size>
         <input_file_ref idref="fl-2"/>
      </object_component>
      <object_component id="oc-7f2">
         <name>.debug_info</name>
         <load_address>0x20f9</load_address>
         <run_address>0x20f9</run_address>
         <size>0x169</size>
         <input_file_ref idref="fl-2"/>
      </object_component>
      <object_component id="oc-7f8">
         <name>.debug_info</name>
         <load_address>0x2262</load_address>
         <run_address>0x2262</run_address>
         <size>0x169</size>
         <input_file_ref idref="fl-2"/>
      </object_component>
      <object_component id="oc-731">
         <name>.debug_info</name>
         <load_address>0x23cb</load_address>
         <run_address>0x23cb</run_address>
         <size>0x2e5</size>
         <input_file_ref idref="fl-2"/>
      </object_component>
      <object_component id="oc-6f8">
         <name>.debug_info</name>
         <load_address>0x26b0</load_address>
         <run_address>0x26b0</run_address>
         <size>0x173</size>
         <input_file_ref idref="fl-2"/>
      </object_component>
      <object_component id="oc-6fe">
         <name>.debug_info</name>
         <load_address>0x2823</load_address>
         <run_address>0x2823</run_address>
         <size>0x15e</size>
         <input_file_ref idref="fl-2"/>
      </object_component>
      <object_component id="oc-704">
         <name>.debug_info</name>
         <load_address>0x2981</load_address>
         <run_address>0x2981</run_address>
         <size>0x18a</size>
         <input_file_ref idref="fl-2"/>
      </object_component>
      <object_component id="oc-81e">
         <name>.debug_info</name>
         <load_address>0x2b0b</load_address>
         <run_address>0x2b0b</run_address>
         <size>0x493</size>
         <input_file_ref idref="fl-2"/>
      </object_component>
      <object_component id="oc-823">
         <name>.debug_info</name>
         <load_address>0x2f9e</load_address>
         <run_address>0x2f9e</run_address>
         <size>0x131</size>
         <input_file_ref idref="fl-2"/>
      </object_component>
      <object_component id="oc-828">
         <name>.debug_info</name>
         <load_address>0x30cf</load_address>
         <run_address>0x30cf</run_address>
         <size>0xb2</size>
         <input_file_ref idref="fl-2"/>
      </object_component>
      <object_component id="oc-82d">
         <name>.debug_info</name>
         <load_address>0x3181</load_address>
         <run_address>0x3181</run_address>
         <size>0xee</size>
         <input_file_ref idref="fl-2"/>
      </object_component>
      <object_component id="oc-832">
         <name>.debug_info</name>
         <load_address>0x326f</load_address>
         <run_address>0x326f</run_address>
         <size>0xf5</size>
         <input_file_ref idref="fl-2"/>
      </object_component>
      <object_component id="oc-837">
         <name>.debug_info</name>
         <load_address>0x3364</load_address>
         <run_address>0x3364</run_address>
         <size>0x174</size>
         <input_file_ref idref="fl-2"/>
      </object_component>
      <object_component id="oc-83c">
         <name>.debug_info</name>
         <load_address>0x34d8</load_address>
         <run_address>0x34d8</run_address>
         <size>0x174</size>
         <input_file_ref idref="fl-2"/>
      </object_component>
      <object_component id="oc-846">
         <name>.debug_info</name>
         <load_address>0x364c</load_address>
         <run_address>0x364c</run_address>
         <size>0x8b</size>
         <input_file_ref idref="fl-2"/>
      </object_component>
      <object_component id="oc-80a">
         <name>.debug_info</name>
         <load_address>0x36d7</load_address>
         <run_address>0x36d7</run_address>
         <size>0x18b</size>
         <input_file_ref idref="fl-2"/>
      </object_component>
      <object_component id="oc-841">
         <name>.debug_info</name>
         <load_address>0x3862</load_address>
         <run_address>0x3862</run_address>
         <size>0xbb</size>
         <input_file_ref idref="fl-2"/>
      </object_component>
      <object_component id="oc-6e0">
         <name>.debug_info</name>
         <load_address>0x391d</load_address>
         <run_address>0x391d</run_address>
         <size>0x84</size>
         <input_file_ref idref="fl-8"/>
      </object_component>
      <object_component id="oc-974">
         <name>.debug_info</name>
         <load_address>0x39a1</load_address>
         <run_address>0x39a1</run_address>
         <size>0x19c</size>
         <input_file_ref idref="fl-c"/>
      </object_component>
      <object_component id="oc-961">
         <name>.debug_info</name>
         <load_address>0x3b3d</load_address>
         <run_address>0x3b3d</run_address>
         <size>0x15a</size>
         <input_file_ref idref="fl-c"/>
      </object_component>
      <object_component id="oc-964">
         <name>.debug_info</name>
         <load_address>0x3c97</load_address>
         <run_address>0x3c97</run_address>
         <size>0x200</size>
         <input_file_ref idref="fl-c"/>
      </object_component>
      <object_component id="oc-912">
         <name>.debug_info</name>
         <load_address>0x3e97</load_address>
         <run_address>0x3e97</run_address>
         <size>0x2ce</size>
         <input_file_ref idref="fl-c"/>
      </object_component>
      <object_component id="oc-88c">
         <name>.debug_info</name>
         <load_address>0x4165</load_address>
         <run_address>0x4165</run_address>
         <size>0x1c9</size>
         <input_file_ref idref="fl-c"/>
      </object_component>
      <object_component id="oc-815">
         <name>.debug_info</name>
         <load_address>0x432e</load_address>
         <run_address>0x432e</run_address>
         <size>0x1bc</size>
         <input_file_ref idref="fl-d"/>
      </object_component>
      <object_component id="oc-75c">
         <name>.debug_info</name>
         <load_address>0x44ea</load_address>
         <run_address>0x44ea</run_address>
         <size>0x23e</size>
         <input_file_ref idref="fl-d"/>
      </object_component>
      <object_component id="oc-765">
         <name>.debug_info</name>
         <load_address>0x4728</load_address>
         <run_address>0x4728</run_address>
         <size>0x217</size>
         <input_file_ref idref="fl-d"/>
      </object_component>
      <object_component id="oc-8ef">
         <name>.debug_info</name>
         <load_address>0x493f</load_address>
         <run_address>0x493f</run_address>
         <size>0x19d</size>
         <input_file_ref idref="fl-d"/>
      </object_component>
      <object_component id="oc-76b">
         <name>.debug_info</name>
         <load_address>0x4adc</load_address>
         <run_address>0x4adc</run_address>
         <size>0x1b0</size>
         <input_file_ref idref="fl-d"/>
      </object_component>
      <object_component id="oc-778">
         <name>.debug_info</name>
         <load_address>0x4c8c</load_address>
         <run_address>0x4c8c</run_address>
         <size>0x1b0</size>
         <input_file_ref idref="fl-d"/>
      </object_component>
      <object_component id="oc-77f">
         <name>.debug_info</name>
         <load_address>0x4e3c</load_address>
         <run_address>0x4e3c</run_address>
         <size>0x1b2</size>
         <input_file_ref idref="fl-d"/>
      </object_component>
      <object_component id="oc-785">
         <name>.debug_info</name>
         <load_address>0x4fee</load_address>
         <run_address>0x4fee</run_address>
         <size>0x1b2</size>
         <input_file_ref idref="fl-d"/>
      </object_component>
      <object_component id="oc-78b">
         <name>.debug_info</name>
         <load_address>0x51a0</load_address>
         <run_address>0x51a0</run_address>
         <size>0x1ae</size>
         <input_file_ref idref="fl-d"/>
      </object_component>
      <object_component id="oc-8fa">
         <name>.debug_info</name>
         <load_address>0x534e</load_address>
         <run_address>0x534e</run_address>
         <size>0x17e</size>
         <input_file_ref idref="fl-10"/>
      </object_component>
      <object_component id="oc-7fe">
         <name>.debug_info</name>
         <load_address>0x54cc</load_address>
         <run_address>0x54cc</run_address>
         <size>0x211</size>
         <input_file_ref idref="fl-10"/>
      </object_component>
      <object_component id="oc-804">
         <name>.debug_info</name>
         <load_address>0x56dd</load_address>
         <run_address>0x56dd</run_address>
         <size>0x1d2</size>
         <input_file_ref idref="fl-10"/>
      </object_component>
      <object_component id="oc-8d9">
         <name>.debug_info</name>
         <load_address>0x58af</load_address>
         <run_address>0x58af</run_address>
         <size>0x1e9</size>
         <input_file_ref idref="fl-10"/>
      </object_component>
      <object_component id="oc-8df">
         <name>.debug_info</name>
         <load_address>0x5a98</load_address>
         <run_address>0x5a98</run_address>
         <size>0x1c3</size>
         <input_file_ref idref="fl-10"/>
      </object_component>
      <object_component id="oc-8d0">
         <name>.debug_info</name>
         <load_address>0x5c5b</load_address>
         <run_address>0x5c5b</run_address>
         <size>0x1c5</size>
         <input_file_ref idref="fl-10"/>
      </object_component>
      <object_component id="oc-8e5">
         <name>.debug_info</name>
         <load_address>0x5e20</load_address>
         <run_address>0x5e20</run_address>
         <size>0x1d6</size>
         <input_file_ref idref="fl-10"/>
      </object_component>
      <object_component id="oc-922">
         <name>.debug_info</name>
         <load_address>0x5ff6</load_address>
         <run_address>0x5ff6</run_address>
         <size>0x19d</size>
         <input_file_ref idref="fl-11"/>
      </object_component>
      <object_component id="oc-8bb">
         <name>.debug_info</name>
         <load_address>0x6193</load_address>
         <run_address>0x6193</run_address>
         <size>0x1f3</size>
         <input_file_ref idref="fl-11"/>
      </object_component>
      <object_component id="oc-92e">
         <name>.debug_info</name>
         <load_address>0x6386</load_address>
         <run_address>0x6386</run_address>
         <size>0x1e2</size>
         <input_file_ref idref="fl-11"/>
      </object_component>
      <object_component id="oc-93a">
         <name>.debug_info</name>
         <load_address>0x6568</load_address>
         <run_address>0x6568</run_address>
         <size>0x22c</size>
         <input_file_ref idref="fl-11"/>
      </object_component>
      <object_component id="oc-940">
         <name>.debug_info</name>
         <load_address>0x6794</load_address>
         <run_address>0x6794</run_address>
         <size>0x20d</size>
         <input_file_ref idref="fl-11"/>
      </object_component>
      <object_component id="oc-946">
         <name>.debug_info</name>
         <load_address>0x69a1</load_address>
         <run_address>0x69a1</run_address>
         <size>0x211</size>
         <input_file_ref idref="fl-11"/>
      </object_component>
      <object_component id="oc-928">
         <name>.debug_info</name>
         <load_address>0x6bb2</load_address>
         <run_address>0x6bb2</run_address>
         <size>0x1a9</size>
         <input_file_ref idref="fl-11"/>
      </object_component>
      <object_component id="oc-8b5">
         <name>.debug_info</name>
         <load_address>0x6d5b</load_address>
         <run_address>0x6d5b</run_address>
         <size>0x201</size>
         <input_file_ref idref="fl-11"/>
      </object_component>
      <object_component id="oc-934">
         <name>.debug_info</name>
         <load_address>0x6f5c</load_address>
         <run_address>0x6f5c</run_address>
         <size>0x1be</size>
         <input_file_ref idref="fl-11"/>
      </object_component>
      <object_component id="oc-8ac">
         <name>.debug_info</name>
         <load_address>0x711a</load_address>
         <run_address>0x711a</run_address>
         <size>0x1c0</size>
         <input_file_ref idref="fl-11"/>
      </object_component>
      <object_component id="oc-90e">
         <name>.debug_info</name>
         <load_address>0x72da</load_address>
         <run_address>0x72da</run_address>
         <size>0x19d</size>
         <input_file_ref idref="fl-12"/>
      </object_component>
      <object_component id="oc-8a5">
         <name>.debug_info</name>
         <load_address>0x7477</load_address>
         <run_address>0x7477</run_address>
         <size>0x1ed</size>
         <input_file_ref idref="fl-12"/>
      </object_component>
      <object_component id="oc-89f">
         <name>.debug_info</name>
         <load_address>0x7664</load_address>
         <run_address>0x7664</run_address>
         <size>0x1a3</size>
         <input_file_ref idref="fl-12"/>
      </object_component>
      <object_component id="oc-892">
         <name>.debug_info</name>
         <load_address>0x7807</load_address>
         <run_address>0x7807</run_address>
         <size>0x201</size>
         <input_file_ref idref="fl-12"/>
      </object_component>
      <object_component id="oc-898">
         <name>.debug_info</name>
         <load_address>0x7a08</load_address>
         <run_address>0x7a08</run_address>
         <size>0x1be</size>
         <input_file_ref idref="fl-12"/>
      </object_component>
      <object_component id="oc-883">
         <name>.debug_info</name>
         <load_address>0x7bc6</load_address>
         <run_address>0x7bc6</run_address>
         <size>0x1c0</size>
         <input_file_ref idref="fl-12"/>
      </object_component>
      <object_component id="oc-950">
         <name>.debug_info</name>
         <load_address>0x7d86</load_address>
         <run_address>0x7d86</run_address>
         <size>0x174</size>
         <input_file_ref idref="fl-15"/>
      </object_component>
      <object_component id="oc-94d">
         <name>.debug_info</name>
         <load_address>0x7efa</load_address>
         <run_address>0x7efa</run_address>
         <size>0x10a</size>
         <input_file_ref idref="fl-15"/>
      </object_component>
      <object_component id="oc-8ca">
         <name>.debug_info</name>
         <load_address>0x8004</load_address>
         <run_address>0x8004</run_address>
         <size>0x267</size>
         <input_file_ref idref="fl-15"/>
      </object_component>
      <object_component id="oc-7c8">
         <name>.debug_info</name>
         <load_address>0x826b</load_address>
         <run_address>0x826b</run_address>
         <size>0x160</size>
         <input_file_ref idref="fl-19"/>
      </object_component>
      <object_component id="oc-880">
         <name>.debug_info</name>
         <load_address>0x83cb</load_address>
         <run_address>0x83cb</run_address>
         <size>0x167</size>
         <input_file_ref idref="fl-23"/>
      </object_component>
      <object_component id="oc-7c2">
         <name>.debug_info</name>
         <load_address>0x8532</load_address>
         <run_address>0x8532</run_address>
         <size>0x19c</size>
         <input_file_ref idref="fl-23"/>
      </object_component>
      <object_component id="oc-74b">
         <name>.debug_info</name>
         <load_address>0x86ce</load_address>
         <run_address>0x86ce</run_address>
         <size>0x140</size>
         <input_file_ref idref="fl-4a"/>
      </object_component>
      <object_component id="oc-86">
         <name>.debug_info</name>
         <load_address>0x880e</load_address>
         <run_address>0x880e</run_address>
         <size>0x215</size>
         <input_file_ref idref="fl-4a"/>
      </object_component>
      <object_component id="oc-6db">
         <name>.debug_info</name>
         <load_address>0x8a23</load_address>
         <run_address>0x8a23</run_address>
         <size>0x60</size>
         <input_file_ref idref="fl-4a"/>
      </object_component>
      <object_component id="oc-746">
         <name>.debug_info</name>
         <load_address>0x8a83</load_address>
         <run_address>0x8a83</run_address>
         <size>0x46</size>
         <input_file_ref idref="fl-4a"/>
      </object_component>
      <object_component id="oc-6f1">
         <name>.debug_info</name>
         <load_address>0x8ac9</load_address>
         <run_address>0x8ac9</run_address>
         <size>0x196</size>
         <input_file_ref idref="fl-4b"/>
      </object_component>
      <object_component id="oc-8c">
         <name>.debug_info</name>
         <load_address>0x8c5f</load_address>
         <run_address>0x8c5f</run_address>
         <size>0x198</size>
         <input_file_ref idref="fl-4b"/>
      </object_component>
      <object_component id="oc-6ec">
         <name>.debug_info</name>
         <load_address>0x8df7</load_address>
         <run_address>0x8df7</run_address>
         <size>0x46</size>
         <input_file_ref idref="fl-4b"/>
      </object_component>
      <object_component id="oc-755">
         <name>.debug_info</name>
         <load_address>0x8e3d</load_address>
         <run_address>0x8e3d</run_address>
         <size>0x2c</size>
         <input_file_ref idref="fl-4b"/>
      </object_component>
      <object_component id="oc-6f3">
         <name>.debug_info</name>
         <load_address>0x8e69</load_address>
         <run_address>0x8e69</run_address>
         <size>0xd7</size>
         <input_file_ref idref="fl-4d"/>
      </object_component>
      <object_component id="oc-70f">
         <name>.debug_info</name>
         <load_address>0x8f40</load_address>
         <run_address>0x8f40</run_address>
         <size>0x144</size>
         <input_file_ref idref="fl-6f"/>
      </object_component>
      <object_component id="oc-b6">
         <name>.debug_info</name>
         <load_address>0x9084</load_address>
         <run_address>0x9084</run_address>
         <size>0x18a</size>
         <input_file_ref idref="fl-6f"/>
      </object_component>
      <object_component id="oc-70a">
         <name>.debug_info</name>
         <load_address>0x920e</load_address>
         <run_address>0x920e</run_address>
         <size>0x46</size>
         <input_file_ref idref="fl-6f"/>
      </object_component>
      <object_component id="oc-970">
         <name>.debug_info</name>
         <load_address>0x9254</load_address>
         <run_address>0x9254</run_address>
         <size>0xfd</size>
         <input_file_ref idref="fl-70"/>
      </object_component>
      <object_component id="oc-96a">
         <name>.debug_info</name>
         <load_address>0x9351</load_address>
         <run_address>0x9351</run_address>
         <size>0x100</size>
         <input_file_ref idref="fl-71"/>
      </object_component>
      <object_component id="oc-987">
         <name>.debug_info</name>
         <load_address>0x9451</load_address>
         <run_address>0x9451</run_address>
         <size>0xe9</size>
         <input_file_ref idref="fl-72"/>
      </object_component>
      <object_component id="oc-919">
         <name>.debug_info</name>
         <load_address>0x953a</load_address>
         <run_address>0x953a</run_address>
         <size>0xeb</size>
         <input_file_ref idref="fl-73"/>
      </object_component>
      <object_component id="oc-851">
         <name>.debug_info</name>
         <load_address>0x9625</load_address>
         <run_address>0x9625</run_address>
         <size>0xf8</size>
         <input_file_ref idref="fl-77"/>
      </object_component>
      <object_component id="oc-6d7">
         <name>.debug_info</name>
         <load_address>0x971d</load_address>
         <run_address>0x971d</run_address>
         <size>0xc5</size>
         <input_file_ref idref="fl-7f"/>
      </object_component>
      <object_component id="oc-7ac">
         <name>.debug_info</name>
         <load_address>0x97e2</load_address>
         <run_address>0x97e2</run_address>
         <size>0x3c5</size>
         <input_file_ref idref="fl-81"/>
      </object_component>
      <object_component id="oc-719">
         <name>.debug_info</name>
         <load_address>0x9ba7</load_address>
         <run_address>0x9ba7</run_address>
         <size>0x204</size>
         <input_file_ref idref="fl-81"/>
      </object_component>
      <object_component id="oc-85a">
         <name>.debug_info</name>
         <load_address>0x9dab</load_address>
         <run_address>0x9dab</run_address>
         <size>0x39</size>
         <input_file_ref idref="fl-81"/>
      </object_component>
      <object_component id="oc-7a7">
         <name>.debug_info</name>
         <load_address>0x9de4</load_address>
         <run_address>0x9de4</run_address>
         <size>0x2c</size>
         <input_file_ref idref="fl-81"/>
      </object_component>
      <object_component id="oc-85f">
         <name>.debug_info</name>
         <load_address>0x9e10</load_address>
         <run_address>0x9e10</run_address>
         <size>0xcd</size>
         <input_file_ref idref="fl-81"/>
      </object_component>
      <object_component id="oc-79c">
         <name>.debug_info</name>
         <load_address>0x9edd</load_address>
         <run_address>0x9edd</run_address>
         <size>0xee</size>
         <input_file_ref idref="fl-82"/>
      </object_component>
      <object_component id="oc-d7">
         <name>.debug_info</name>
         <load_address>0x9fcb</load_address>
         <run_address>0x9fcb</run_address>
         <size>0x166</size>
         <input_file_ref idref="fl-83"/>
      </object_component>
      <object_component id="oc-7a3">
         <name>.debug_info</name>
         <load_address>0xa131</load_address>
         <run_address>0xa131</run_address>
         <size>0x115</size>
         <input_file_ref idref="fl-85"/>
      </object_component>
      <object_component id="oc-714">
         <name>.debug_info</name>
         <load_address>0xa246</load_address>
         <run_address>0xa246</run_address>
         <size>0x118</size>
         <input_file_ref idref="fl-86"/>
      </object_component>
      <object_component id="oc-73c">
         <name>.debug_info</name>
         <load_address>0xa35e</load_address>
         <run_address>0xa35e</run_address>
         <size>0xe7</size>
         <input_file_ref idref="fl-87"/>
      </object_component>
      <object_component id="oc-855">
         <name>.debug_info</name>
         <load_address>0xa445</load_address>
         <run_address>0xa445</run_address>
[...]
         <name>image_res</name>
         <value>0x1c0c</value>
         <object_component_ref idref="oc-770"/>
      </symbol>
      <symbol id="sm-728">
         <name>__TI_int19</name>
         <value>0xffb6</value>
         <object_component_ref idref="oc-91"/>
      </symbol>
      <symbol id="sm-729">
         <name>config_camera_lores</name>
         <value>0x371a0</value>
         <object_component_ref idref="oc-7df"/>
      </symbol>
      <symbol id="sm-72a">
         <name>DMA_ISR</name>
         <value>0x4000</value>
         <object_component_ref idref="oc-703"/>
      </symbol>
      <symbol id="sm-72b">
         <name>__TI_int42</name>
         <value>0xffe4</value>
         <object_component_ref idref="oc-a8"/>
      </symbol>
      <symbol id="sm-72c">
         <name>PORT8_ISR</name>
         <value>0x4066</value>
         <object_component_ref idref="oc-6f7"/>
      </symbol>
      <symbol id="sm-72d">
         <name>img_buffer</name>
         <value>0x10000</value>
         <object_component_ref idref="oc-761"/>
      </symbol>
      <symbol id="sm-72e">
         <name>dac_write</name>
         <value>0x377bc</value>
         <object_component_ref idref="oc-7d3"/>
      </symbol>
      <symbol id="sm-72f">
         <name>main</name>
         <value>0x36d70</value>
         <object_component_ref idref="oc-730"/>
      </symbol>
      <symbol id="sm-730">
         <name>img_cnt</name>
         <value>0x1c0a</value>
         <object_component_ref idref="oc-770"/>
      </symbol>
      <symbol id="sm-731">
         <name>pending_res_change</name>
         <value>0x1c0d</value>
         <object_component_ref idref="oc-770"/>
      </symbol>
      <symbol id="sm-732">
         <name>dac_init</name>
         <value>0x37608</value>
         <object_component_ref idref="oc-7cd"/>
      </symbol>
      <symbol id="sm-733">
         <name>i2c_init</name>
         <value>0x37768</value>
         <object_component_ref idref="oc-7d9"/>
      </symbol>
      <symbol id="sm-734">
         <name>config_dma_lores</name>
         <value>0x37a00</value>
         <object_component_ref idref="oc-7f1"/>
      </symbol>
      <symbol id="sm-735">
         <name>config_camera_hires</name>
         <value>0x372e2</value>
         <object_component_ref idref="oc-7e5"/>
      </symbol>
      <symbol id="sm-736">
         <name>write_camera</name>
         <value>0x37712</value>
         <object_component_ref idref="oc-8c1"/>
      </symbol>
      <symbol id="sm-737">
         <name>init_uart</name>
         <value>0x373f6</value>
         <object_component_ref idref="oc-7eb"/>
      </symbol>
      <symbol id="sm-738">
         <name>config_dma_hires</name>
         <value>0x379da</value>
         <object_component_ref idref="oc-7f7"/>
      </symbol>
      <symbol id="sm-782">
         <name>CS_getSMCLK</name>
         <value>0x37ab2</value>
         <object_component_ref idref="oc-88b"/>
      </symbol>
      <symbol id="sm-7c1">
         <name>DMA_setSrcAddress</name>
         <value>0x379b4</value>
         <object_component_ref idref="oc-75b"/>
      </symbol>
      <symbol id="sm-7c2">
         <name>DMA_enableInterrupt</name>
         <value>0x37b58</value>
         <object_component_ref idref="oc-777"/>
      </symbol>
      <symbol id="sm-7c3">
         <name>DMA_setDstAddress</name>
         <value>0x3798c</value>
         <object_component_ref idref="oc-764"/>
      </symbol>
      <symbol id="sm-7c4">
         <name>DMA_enableTransfers</name>
         <value>0x37b1c</value>
         <object_component_ref idref="oc-76a"/>
      </symbol>
      <symbol id="sm-7c5">
         <name>DMA_disableInterrupt</name>
         <value>0x37b4a</value>
         <object_component_ref idref="oc-784"/>
      </symbol>
      <symbol id="sm-7c6">
         <name>DMA_disableTransfers</name>
         <value>0x37b0c</value>
         <object_component_ref idref="oc-77e"/>
      </symbol>
      <symbol id="sm-7c7">
         <name>DMA_clearInterrupt</name>
         <value>0x37b3c</value>
         <object_component_ref idref="oc-78a"/>
      </symbol>
      <symbol id="sm-7c8">
         <name>DMA_init</name>
         <value>0x3754a</value>
         <object_component_ref idref="oc-8ee"/>
      </symbol>
      <symbol id="sm-802">
         <name>EUSCI_A_UART_transmitBreak</name>
         <value>0x3780e</value>
         <object_component_ref idref="oc-803"/>
      </symbol>
      <symbol id="sm-803">
         <name>EUSCI_A_UART_init</name>
         <value>0x37244</value>
         <object_component_ref idref="oc-8d8"/>
      </symbol>
      <symbol id="sm-804">
         <name>EUSCI_A_UART_enable</name>
         <value>0x37bb0</value>
         <object_component_ref idref="oc-8de"/>
      </symbol>
      <symbol id="sm-805">
         <name>EUSCI_A_UART_disable</name>
         <value>0x37baa</value>
         <object_component_ref idref="oc-8cf"/>
      </symbol>
      <symbol id="sm-806">
         <name>EUSCI_A_UART_clearInterrupt</name>
         <value>0x37b66</value>
         <object_component_ref idref="oc-8e4"/>
      </symbol>
      <symbol id="sm-807">
         <name>EUSCI_A_UART_transmitData</name>
         <value>0x37a6e</value>
         <object_component_ref idref="oc-7fd"/>
      </symbol>
      <symbol id="sm-851">
         <name>EUSCI_B_I2C_initMaster</name>
         <value>0x375ac</value>
         <object_component_ref idref="oc-8b4"/>
      </symbol>
      <symbol id="sm-852">
         <name>EUSCI_B_I2C_masterSendMultiByteFinish</name>
         <value>0x37904</value>
         <object_component_ref idref="oc-945"/>
      </symbol>
      <symbol id="sm-853">
         <name>EUSCI_B_I2C_disable</name>
         <value>0x37bb6</value>
         <object_component_ref idref="oc-8ab"/>
      </symbol>
      <symbol id="sm-854">
         <name>EUSCI_B_I2C_setSlaveAddress</name>
         <value>0x37b80</value>
         <object_component_ref idref="oc-8ba"/>
      </symbol>
      <symbol id="sm-855">
         <name>EUSCI_B_I2C_setMode</name>
         <value>0x37b2c</value>
         <object_component_ref idref="oc-92d"/>
      </symbol>
      <symbol id="sm-856">
         <name>EUSCI_B_I2C_masterSendMultiByteNext</name>
         <value>0x37a90</value>
         <object_component_ref idref="oc-93f"/>
      </symbol>
      <symbol id="sm-857">
         <name>EUSCI_B_I2C_enable</name>
         <value>0x37bbc</value>
         <object_component_ref idref="oc-933"/>
      </symbol>
      <symbol id="sm-858">
         <name>EUSCI_B_I2C_isBusBusy</name>
         <value>0x37b74</value>
         <object_component_ref idref="oc-927"/>
      </symbol>
      <symbol id="sm-859">
         <name>EUSCI_B_I2C_masterSendMultiByteStart</name>
         <value>0x378ce</value>
         <object_component_ref idref="oc-939"/>
      </symbol>
      <symbol id="sm-881">
         <name>EUSCI_B_SPI_isBusy</name>
         <value>0x37b98</value>
         <object_component_ref idref="oc-89e"/>
      </symbol>
      <symbol id="sm-882">
         <name>EUSCI_B_SPI_enable</name>
         <value>0x37bc8</value>
         <object_component_ref idref="oc-897"/>
      </symbol>
      <symbol id="sm-883">
         <name>EUSCI_B_SPI_disable</name>
         <value>0x37bc2</value>
         <object_component_ref idref="oc-882"/>
      </symbol>
      <symbol id="sm-884">
         <name>EUSCI_B_SPI_transmitData</name>
         <value>0x37b8c</value>
         <object_component_ref idref="oc-8a4"/>
      </symbol>
      <symbol id="sm-885">
         <name>EUSCI_B_SPI_initMaster</name>
         <value>0x376bc</value>
         <object_component_ref idref="oc-891"/>
      </symbol>
      <symbol id="sm-89e">
         <name>GPIO_setAsPeripheralModuleFunctionInputPin</name>
         <value>0x374de</value>
         <object_component_ref idref="oc-8c9"/>
      </symbol>
      <symbol id="sm-8aa">
         <name>PMM_unlockLPM5</name>
         <value>0x37ba2</value>
         <object_component_ref idref="oc-7c7"/>
      </symbol>
      <symbol id="sm-8bf">
         <name>WDT_A_hold</name>
         <value>0x37aca</value>
         <object_component_ref idref="oc-7c1"/>
      </symbol>
      <symbol id="sm-8dd">
         <name>__TI_decompress_lzss</name>
         <value>0x37380</value>
         <object_component_ref idref="oc-84"/>
      </symbol>
      <symbol id="sm-8f3">
         <name>__TI_decompress_none</name>
         <value>0x37ae0</value>
         <object_component_ref idref="oc-8a"/>
      </symbol>
      <symbol id="sm-8f6">
         <name>__TI_int18</name>
         <value>0xffb4</value>
         <object_component_ref idref="oc-90"/>
      </symbol>
      <symbol id="sm-8fe">
         <name>__TI_ISR_TRAP</name>
         <value>0x411a</value>
         <object_component_ref idref="oc-6f2"/>
      </symbol>
      <symbol id="sm-901">
         <name>__TI_int20</name>
         <value>0xffb8</value>
         <object_component_ref idref="oc-92"/>
      </symbol>
      <symbol id="sm-904">
         <name>__TI_int21</name>
         <value>0xffba</value>
         <object_component_ref idref="oc-93"/>
      </symbol>
      <symbol id="sm-907">
         <name>__TI_int22</name>
         <value>0xffbc</value>
         <object_component_ref idref="oc-94"/>
      </symbol>
      <symbol id="sm-90a">
         <name>__TI_int23</name>
         <value>0xffbe</value>
         <object_component_ref idref="oc-95"/>
      </symbol>
      <symbol id="sm-90d">
         <name>__TI_int24</name>
         <value>0xffc0</value>
         <object_component_ref idref="oc-96"/>
      </symbol>
      <symbol id="sm-910">
         <name>__TI_int25</name>
         <value>0xffc2</value>
         <object_component_ref idref="oc-97"/>
      </symbol>
      <symbol id="sm-913">
         <name>__TI_int26</name>
         <value>0xffc4</value>
         <object_component_ref idref="oc-98"/>
      </symbol>
      <symbol id="sm-916">
         <name>__TI_int27</name>
         <value>0xffc6</value>
         <object_component_ref idref="oc-99"/>
      </symbol>
      <symbol id="sm-919">
         <name>__TI_int28</name>
         <value>0xffc8</value>
         <object_component_ref idref="oc-9a"/>
      </symbol>
      <symbol id="sm-91c">
         <name>__TI_int29</name>
         <value>0xffca</value>
         <object_component_ref idref="oc-9b"/>
      </symbol>
      <symbol id="sm-91f">
         <name>__TI_int30</name>
         <value>0xffcc</value>
         <object_component_ref idref="oc-9c"/>
      </symbol>
      <symbol id="sm-922">
         <name>__TI_int31</name>
         <value>0xffce</value>
         <object_component_ref idref="oc-9d"/>
      </symbol>
      <symbol id="sm-925">
         <name>__TI_int33</name>
         <value>0xffd2</value>
         <object_component_ref idref="oc-9f"/>
      </symbol>
      <symbol id="sm-928">
         <name>__TI_int34</name>
         <value>0xffd4</value>
         <object_component_ref idref="oc-a0"/>
      </symbol>
      <symbol id="sm-92b">
         <name>__TI_int35</name>
         <value>0xffd6</value>
         <object_component_ref idref="oc-a1"/>
      </symbol>
      <symbol id="sm-92e">
         <name>__TI_int36</name>
         <value>0xffd8</value>
         <object_component_ref idref="oc-a2"/>
      </symbol>
      <symbol id="sm-931">
         <name>__TI_int37</name>
         <value>0xffda</value>
         <object_component_ref idref="oc-a3"/>
      </symbol>
      <symbol id="sm-934">
         <name>__TI_int38</name>
         <value>0xffdc</value>
         <object_component_ref idref="oc-a4"/>
      </symbol>
      <symbol id="sm-937">
         <name>__TI_int39</name>
         <value>0xffde</value>
         <object_component_ref idref="oc-a5"/>
      </symbol>
      <symbol id="sm-93a">
         <name>__TI_int40</name>
         <value>0xffe0</value>
         <object_component_ref idref="oc-a6"/>
      </symbol>
      <symbol id="sm-93d">
         <name>__TI_int41</name>
         <value>0xffe2</value>
         <object_component_ref idref="oc-a7"/>
      </symbol>
      <symbol id="sm-940">
         <name>__TI_int43</name>
         <value>0xffe6</value>
         <object_component_ref idref="oc-a9"/>
      </symbol>
      <symbol id="sm-943">
         <name>__TI_int44</name>
         <value>0xffe8</value>
         <object_component_ref idref="oc-aa"/>
      </symbol>
      <symbol id="sm-946">
         <name>__TI_int45</name>
         <value>0xffea</value>
         <object_component_ref idref="oc-ab"/>
      </symbol>
      <symbol id="sm-949">
         <name>__TI_int46</name>
         <value>0xffec</value>
         <object_component_ref idref="oc-ac"/>
      </symbol>
      <symbol id="sm-94c">
         <name>__TI_int47</name>
         <value>0xffee</value>
         <object_component_ref idref="oc-ad"/>
      </symbol>
      <symbol id="sm-94f">
         <name>__TI_int48</name>
         <value>0xfff0</value>
         <object_component_ref idref="oc-ae"/>
      </symbol>
      <symbol id="sm-952">
         <name>__TI_int49</name>
         <value>0xfff2</value>
         <object_component_ref idref="oc-af"/>
      </symbol>
      <symbol id="sm-955">
         <name>__TI_int50</name>
         <value>0xfff4</value>
         <object_component_ref idref="oc-b0"/>
      </symbol>
      <symbol id="sm-958">
         <name>__TI_int51</name>
         <value>0xfff6</value>
         <object_component_ref idref="oc-b1"/>
      </symbol>
      <symbol id="sm-95b">
         <name>__TI_int52</name>
         <value>0xfff8</value>
         <object_component_ref idref="oc-b2"/>
      </symbol>
      <symbol id="sm-95e">
         <name>__TI_int53</name>
         <value>0xfffa</value>
         <object_component_ref idref="oc-b3"/>
      </symbol>
      <symbol id="sm-961">
         <name>__TI_int54</name>
         <value>0xfffc</value>
         <object_component_ref idref="oc-b4"/>
      </symbol>
      <symbol id="sm-974">
         <name>__TI_zero_init</name>
         <value>0x37a26</value>
         <object_component_ref idref="oc-b5"/>
      </symbol>
      <symbol id="sm-980">
         <name>__mspabi_remi</name>
         <value>0x37936</value>
         <object_component_ref idref="oc-96e"/>
      </symbol>
      <symbol id="sm-981">
         <name>__mspabi_divi</name>
         <value>0x37936</value>
         <object_component_ref idref="oc-96e"/>
      </symbol>
      <symbol id="sm-98d">
         <name>__mspabi_remli</name>
         <value>0x37850</value>
         <object_component_ref idref="oc-969"/>
      </symbol>
      <symbol id="sm-98e">
         <name>__mspabi_divli</name>
         <value>0x37850</value>
         <object_component_ref idref="oc-969"/>
      </symbol>
      <symbol id="sm-998">
         <name>__mspabi_remu</name>
         <value>0x37af6</value>
         <object_component_ref idref="oc-986"/>
      </symbol>
      <symbol id="sm-999">
         <name>__mspabi_divu</name>
         <value>0x37af6</value>
         <object_component_ref idref="oc-986"/>
      </symbol>
      <symbol id="sm-9a7">
         <name>__mspabi_remul</name>
         <value>0x37664</value>
         <object_component_ref idref="oc-918"/>
      </symbol>
      <symbol id="sm-9a8">
         <name>__mspabi_divul</name>
         <value>0x37664</value>
         <object_component_ref idref="oc-918"/>
      </symbol>
      <symbol id="sm-9b3">
         <name>__mspabi_mpyl_f5hw</name>
         <value>0x37a4a</value>
         <object_component_ref idref="oc-84f"/>
      </symbol>
      <symbol id="sm-9c2">
         <name>_stack</name>
         <value>0x2b60</value>
         <object_component_ref idref="oc-6d6"/>
      </symbol>
      <symbol id="sm-9c3">
         <name>_reset_vector</name>
         <value>0xfffe</value>
         <object_component_ref idref="oc-6d9"/>
      </symbol>
      <symbol id="sm-9e5">
         <name>_auto_init_hold_wdt</name>
         <value>0x370f8</value>
         <object_component_ref idref="oc-716"/>
      </symbol>
      <symbol id="sm-9ed">
         <name>__mspabi_sral_15</name>
         <value>0x37890</value>
         <object_component_ref idref="oc-79b"/>
      </symbol>
      <symbol id="sm-9ee">
         <name>__mspabi_sral_14</name>
         <value>0x37894</value>
         <object_component_ref idref="oc-79b"/>
      </symbol>
      <symbol id="sm-9ef">
         <name>__mspabi_sral_13</name>
         <value>0x37898</value>
         <object_component_ref idref="oc-79b"/>
      </symbol>
      <symbol id="sm-9f0">
         <name>__mspabi_sral_12</name>
         <value>0x3789c</value>
         <object_component_ref idref="oc-79b"/>
      </symbol>
      <symbol id="sm-9f1">
         <name>__mspabi_sral_11</name>
         <value>0x378a0</value>
         <object_component_ref idref="oc-79b"/>
      </symbol>
      <symbol id="sm-9f2">
         <name>__mspabi_sral_10</name>
         <value>0x378a4</value>
         <object_component_ref idref="oc-79b"/>
      </symbol>
      <symbol id="sm-9f3">
         <name>__mspabi_sral_8</name>
         <value>0x378ac</value>
         <object_component_ref idref="oc-79b"/>
      </symbol>
      <symbol id="sm-9f4">
         <name>__mspabi_sral_9</name>
         <value>0x378a8</value>
         <object_component_ref idref="oc-79b"/>
      </symbol>
      <symbol id="sm-9f5">
         <name>__mspabi_sral_6</name>
         <value>0x378b4</value>
         <object_component_ref idref="oc-79b"/>
      </symbol>
      <symbol id="sm-9f6">
         <name>__mspabi_sral_7</name>
         <value>0x378b0</value>
         <object_component_ref idref="oc-79b"/>
      </symbol>
      <symbol id="sm-9f7">
         <name>__mspabi_sral_4</name>
         <value>0x378bc</value>
         <object_component_ref idref="oc-79b"/>
      </symbol>
      <symbol id="sm-9f8">
         <name>__mspabi_sral_5</name>
         <value>0x378b8</value>
         <object_component_ref idref="oc-79b"/>
      </symbol>
      <symbol id="sm-9f9">
         <name>__mspabi_sral_2</name>
         <value>0x378c4</value>
         <object_component_ref idref="oc-79b"/>
      </symbol>
      <symbol id="sm-9fa">
         <name>__mspabi_sral_3</name>
         <value>0x378c0</value>
         <object_component_ref idref="oc-79b"/>
      </symbol>
      <symbol id="sm-9fb">
         <name>__mspabi_sral_1</name>
         <value>0x378c8</value>
         <object_component_ref idref="oc-79b"/>
      </symbol>
      <symbol id="sm-a05">
         <name>_c_int00_noargs_noexit</name>
         <value>0x4100</value>
         <object_component_ref idref="oc-d3"/>
      </symbol>
      <symbol id="sm-a0f">
         <name>_system_post_cinit</name>
         <value>0x37bd8</value>
         <object_component_ref idref="oc-7a0"/>
      </symbol>
      <symbol id="sm-a18">
         <name>_system_pre_init</name>
         <value>0x37bd4</value>
         <object_component_ref idref="oc-710"/>
      </symbol>
      <symbol id="sm-a22">
         <name>C$$EXIT</name>
         <value>0x37bce</value>
         <object_component_ref idref="oc-738"/>
      </symbol>
      <symbol id="sm-a23">
         <name>abort</name>
         <value>0x37bce</value>
         <object_component_ref idref="oc-738"/>
      </symbol>
      <symbol id="sm-a40">
         <name>copy_in</name>
         <value>0x3746c</value>
         <object_component_ref idref="oc-795"/>
      </symbol>
      <symbol id="sm-a4f">
         <name>memcpy</name>
         <value>0x37962</value>
         <object_component_ref idref="oc-6e5"/>
      </symbol>
      <symbol id="sm-a55">
         <name>__TI_BINIT_Base</name>
         <value>0x0</value>
      </symbol>
      <symbol id="sm-a56">
         <name>__TI_BINIT_Limit</name>
         <value>0x0</value>
      </symbol>
      <symbol id="sm-a57">
         <name>__TI_INITARRAY_Base</name>
         <value>0x0</value>
      </symbol>
      <symbol id="sm-a58">
         <name>__TI_INITARRAY_Limit</name>
         <value>0x0</value>
      </symbol>
   </symbol_table>
   <title>Link successful</title>
</link_info>
